Archive member included to satisfy reference by file (symbol)

app/libapp.a(main.c.obj)      (--whole-archive)
zephyr/libzephyr.a(isr_tables.c.obj)
                              (--whole-archive)
zephyr/libzephyr.a(sw_isr_common.c.obj)
                              (--whole-archive)
zephyr/libzephyr.a(crc32_sw.c.obj)
                              (--whole-archive)
zephyr/libzephyr.a(crc16_sw.c.obj)
                              (--whole-archive)
zephyr/libzephyr.a(crc8_sw.c.obj)
                              (--whole-archive)
zephyr/libzephyr.a(crc7_sw.c.obj)
                              (--whole-archive)
zephyr/libzephyr.a(fdtable.c.obj)
                              (--whole-archive)
zephyr/libzephyr.a(mempool.c.obj)
                              (--whole-archive)
zephyr/libzephyr.a(rb.c.obj)  (--whole-archive)
zephyr/libzephyr.a(thread_entry.c.obj)
                              (--whole-archive)
zephyr/libzephyr.a(work_q.c.obj)
                              (--whole-archive)
zephyr/libzephyr.a(printk.c.obj)
                              (--whole-archive)
zephyr/libzephyr.a(configs.c.obj)
                              (--whole-archive)
zephyr/libzephyr.a(soc.c.obj)
                              (--whole-archive)
zephyr/libzephyr.a(power.c.obj)
                              (--whole-archive)
zephyr/libzephyr.a(mpu_regions.c.obj)
                              (--whole-archive)
zephyr/libzephyr.a(system_nrf52840.c.obj)
                              (--whole-archive)
zephyr/libzephyr.a(nrfx_glue.c.obj)
                              (--whole-archive)
zephyr/libzephyr.a(nrfx_systick.c.obj)
                              (--whole-archive)
zephyr/libzephyr.a(nrfx_usbd.c.obj)
                              (--whole-archive)
zephyr/libzephyr.a(log_list.c.obj)
                              (--whole-archive)
zephyr/libzephyr.a(log_core.c.obj)
                              (--whole-archive)
zephyr/libzephyr.a(log_msg.c.obj)
                              (--whole-archive)
zephyr/libzephyr.a(log_output.c.obj)
                              (--whole-archive)
zephyr/libzephyr.a(log_backend_uart.c.obj)
                              (--whole-archive)
zephyr/libzephyr.a(disk_access.c.obj)
                              (--whole-archive)
zephyr/libzephyr.a(disk_access_ram.c.obj)
                              (--whole-archive)
zephyr/libzephyr.a(usb_device.c.obj)
                              (--whole-archive)
zephyr/libzephyr.a(usb_descriptor.c.obj)
                              (--whole-archive)
zephyr/libzephyr.a(mass_storage.c.obj)
                              (--whole-archive)
zephyr/libzephyr.a(rand32_entropy_device.c.obj)
                              (--whole-archive)
zephyr/libzephyr.a(power.c.obj)
                              (--whole-archive)
zephyr/libzephyr.a(policy_residency.c.obj)
                              (--whole-archive)
zephyr/libzephyr.a(uart_console.c.obj)
                              (--whole-archive)
zephyr/libzephyr.a(nrf_power_clock.c.obj)
                              (--whole-archive)
zephyr/libzephyr.a(usb_dc_nrfx.c.obj)
                              (--whole-archive)
zephyr/libzephyr.a(sys_clock_init.c.obj)
                              (--whole-archive)
zephyr/libzephyr.a(nrf_rtc_timer.c.obj)
                              (--whole-archive)
zephyr/arch/arch/arm/core/libarch__arm__core.a(exc_exit.S.obj)
                              (--whole-archive)
zephyr/arch/arch/arm/core/libarch__arm__core.a(irq_init.c.obj)
                              (--whole-archive)
zephyr/arch/arch/arm/core/libarch__arm__core.a(swap.c.obj)
                              (--whole-archive)
zephyr/arch/arch/arm/core/libarch__arm__core.a(swap_helper.S.obj)
                              (--whole-archive)
zephyr/arch/arch/arm/core/libarch__arm__core.a(fault.c.obj)
                              (--whole-archive)
zephyr/arch/arch/arm/core/libarch__arm__core.a(irq_manage.c.obj)
                              (--whole-archive)
zephyr/arch/arch/arm/core/libarch__arm__core.a(thread.c.obj)
                              (--whole-archive)
zephyr/arch/arch/arm/core/libarch__arm__core.a(cpu_idle.S.obj)
                              (--whole-archive)
zephyr/arch/arch/arm/core/libarch__arm__core.a(fault_s.S.obj)
                              (--whole-archive)
zephyr/arch/arch/arm/core/libarch__arm__core.a(fatal.c.obj)
                              (--whole-archive)
zephyr/arch/arch/arm/core/libarch__arm__core.a(sys_fatal_error_handler.c.obj)
                              (--whole-archive)
zephyr/arch/arch/arm/core/libarch__arm__core.a(thread_abort.c.obj)
                              (--whole-archive)
zephyr/arch/arch/arm/core/libarch__arm__core.a(isr_wrapper.S.obj)
                              (--whole-archive)
zephyr/arch/arch/arm/core/cortex_m/libarch__arm__core__cortex_m.a(vector_table.S.obj)
                              (--whole-archive)
zephyr/arch/arch/arm/core/cortex_m/libarch__arm__core__cortex_m.a(reset.S.obj)
[...]
Memory Configuration

Name             Origin             Length             Attributes
FLASH            0x0000000000000000 0x0000000000100000 xr
SRAM             0x0000000020000000 0x0000000000040000 xw
IDT_LIST         0x0000000020040000 0x0000000000000800 xw
*default*        0x0000000000000000 0xffffffffffffffff

Linker script and memory map

LOAD zephyr/CMakeFiles/kernel_elf.dir/misc/empty_file.c.obj
LOAD zephyr/CMakeFiles/kernel_elf.dir/isr_tables.c.obj
LOAD app/libapp.a
LOAD zephyr/libzephyr.a
LOAD zephyr/arch/arch/arm/core/libarch__arm__core.a
LOAD zephyr/arch/arch/arm/core/cortex_m/libarch__arm__core__cortex_m.a
LOAD zephyr/arch/arch/arm/core/cortex_m/mpu/libarch__arm__core__cortex_m__mpu.a
LOAD zephyr/lib/libc/minimal/liblib__libc__minimal.a
LOAD zephyr/drivers/gpio/libdrivers__gpio.a
LOAD zephyr/drivers/serial/libdrivers__serial.a
LOAD zephyr/drivers/entropy/libdrivers__entropy.a
LOAD zephyr/kernel/libkernel.a
LOAD zephyr/CMakeFiles/offsets.dir/arch/arm/core/offsets/offsets.c.obj
LOAD /opt/zephyr-sdk/arm-zephyr-eabi/bin/../lib/gcc/arm-zephyr-eabi/8.3.0/thumb/v7e-m/nofp/libgcc.a
                0x0000000000000020                _region_min_align = 0x20

.rel.plt        0x0000000000000000        0x0
 *(SORT_BY_ALIGNMENT(.rel.plt))
                [!provide]                        PROVIDE (__rel_iplt_start = .)
 *(SORT_BY_ALIGNMENT(.rel.iplt))
 .rel.iplt      0x0000000000000000        0x0 zephyr/CMakeFiles/kernel_elf.dir/isr_tables.c.obj
                [!provide]                        PROVIDE (__rel_iplt_end = .)

.rela.plt       0x0000000000000000        0x0
 *(SORT_BY_ALIGNMENT(.rela.plt))
                [!provide]                        PROVIDE (__rela_iplt_start = .)
 *(SORT_BY_ALIGNMENT(.rela.iplt))
                [!provide]                        PROVIDE (__rela_iplt_end = .)

.rel.dyn
 *(SORT_BY_ALIGNMENT(.rel.*))

.rela.dyn
 *(SORT_BY_ALIGNMENT(.rela.*))

/DISCARD/
 *(SORT_BY_ALIGNMENT(.plt))
 *(SORT_BY_ALIGNMENT(.iplt))
 *(SORT_BY_ALIGNMENT(.got.plt))
 *(SORT_BY_ALIGNMENT(.igot.plt))
 *(SORT_BY_ALIGNMENT(.got))
 *(SORT_BY_ALIGNMENT(.igot))
 *(SORT_BY_ALIGNMENT(.irq_info))
 *(SORT_BY_ALIGNMENT(.intList))
                0x0000000000000000                _image_rom_start = 0x0

text            0x0000000000000000      0x100
                0x0000000000000000                . = 0x0
                0x0000000000000000                _vector_start = .
 *(SORT_BY_ALIGNMENT(.exc_vector_table))
 *(SORT_BY_ALIGNMENT(.exc_vector_table.*))
 .exc_vector_table._vector_table_section
                0x0000000000000000       0x40 zephyr/arch/arch/arm/core/cortex_m/libarch__arm__core__cortex_m.a(vector_table.S.obj)
                0x0000000000000000                _vector_table
 *(SORT_BY_ALIGNMENT(.gnu.linkonce.irq_vector_table))
 .gnu.linkonce.irq_vector_table
                0x0000000000000040       0xc0 zephyr/CMakeFiles/kernel_elf.dir/isr_tables.c.obj
                0x0000000000000040                _irq_vector_table
 *(SORT_BY_ALIGNMENT(.vectors))
 *(SORT_BY_ALIGNMENT(.openocd_dbg))
 *(SORT_BY_ALIGNMENT(.openocd_dbg.*))
 *(SORT_BY_ALIGNMENT(.kinetis_flash_config))
 *(SORT_BY_ALIGNMENT(.kinetis_flash_config.*))
                0x0000000000000100                _vector_end = .

_TEXT_SECTION_NAME_2
                0x0000000000000100     0xb2e0
                0x0000000000000100                _image_text_start = .
 *(SORT_BY_ALIGNMENT(.text))
 .text          0x0000000000000100       0xa0 /opt/zephyr-sdk/arm-zephyr-eabi/bin/../lib/gcc/arm-zephyr-eabi/8.3.0/thumb/v7e-m/nofp/libgcc.a(_aeabi_ldivmod.o)
                0x0000000000000100                __aeabi_ldivmod
 .text          0x00000000000001a0       0x30 /opt/zephyr-sdk/arm-zephyr-eabi/bin/../lib/gcc/arm-zephyr-eabi/8.3.0/thumb/v7e-m/nofp/libgcc.a(_aeabi_uldivmod.o)
                0x00000000000001a0                __aeabi_uldivmod
 .text          0x00000000000001d0        0x4 /opt/zephyr-sdk/arm-zephyr-eabi/bin/../lib/gcc/arm-zephyr-eabi/8.3.0/thumb/v7e-m/nofp/libgcc.a(_dvmd_tls.o)
                0x00000000000001d0                __aeabi_ldiv0
                0x00000000000001d0                __aeabi_idiv0
 .text          0x00000000000001d4      0x2b4 /opt/zephyr-sdk/arm-zephyr-eabi/bin/../lib/gcc/arm-zephyr-eabi/8.3.0/thumb/v7e-m/nofp/libgcc.a(_udivmoddi4.o)
                0x00000000000001d4                __udivmoddi4
 *(SORT_BY_ALIGNMENT(.text.*))
 .text.main     0x0000000000000488       0x48 app/libapp.a(main.c.obj)
                0x0000000000000488                main
 .text.get_bit_ptr
                0x00000000000004d0       0x48 zephyr/libzephyr.a(mempool.c.obj)
 .text.set_free_bit
                0x0000000000000518       0x30 zephyr/libzephyr.a(mempool.c.obj)
 .text.clear_free_bit
                0x0000000000000548       0x34 zephyr/libzephyr.a(mempool.c.obj)
 .text.block_fits
                0x000000000000057c       0x50 zephyr/libzephyr.a(mempool.c.obj)
 .text.pool_irq_lock.isra.2.part.3
                0x00000000000005cc       0x30 zephyr/libzephyr.a(mempool.c.obj)
 .text.pool_irq_unlock.isra.4
                0x00000000000005fc       0x2c zephyr/libzephyr.a(mempool.c.obj)
 .text.z_sys_mem_pool_base_init
                0x0000000000000628       0xac zephyr/libzephyr.a(mempool.c.obj)
                0x0000000000000628                z_sys_mem_pool_base_init
 .text.z_sys_mem_pool_block_alloc
                0x00000000000006d4      0x194 zephyr/libzephyr.a(mempool.c.obj)
                0x00000000000006d4                z_sys_mem_pool_block_alloc
 .text.z_sys_mem_pool_block_free
                0x0000000000000868      0x15c zephyr/libzephyr.a(mempool.c.obj)
                0x0000000000000868                z_sys_mem_pool_block_free
 .text.z_thread_entry
                0x00000000000009c4       0x20 zephyr/libzephyr.a(thread_entry.c.obj)
                0x00000000000009c4                z_thread_entry
 .text.z_work_q_main
                0x00000000000009e4       0x48 zephyr/libzephyr.a(work_q.c.obj)
                0x00000000000009e4                z_work_q_main
 .text.z_arch_printk_char_out
                0x0000000000000a2c       0x24 zephyr/libzephyr.a(printk.c.obj)
                0x0000000000000a2c                z_arch_printk_char_out
 .text.print_err
                0x0000000000000a50       0x34 zephyr/libzephyr.a(printk.c.obj)
 .text.char_out
                0x0000000000000a84       0x30 zephyr/libzephyr.a(printk.c.obj)
 .text._printk_dec_ulong
                0x0000000000000ab4       0xbc zephyr/libzephyr.a(printk.c.obj)
 .text.__printk_hook_install
                0x0000000000000b70       0x28 zephyr/libzephyr.a(printk.c.obj)
                0x0000000000000b70                __printk_hook_install
 .text.z_vprintk
                0x0000000000000b98      0x2bc zephyr/libzephyr.a(printk.c.obj)
                0x0000000000000b98                z_vprintk
 .text.vprintk  0x0000000000000e54       0x30 zephyr/libzephyr.a(printk.c.obj)
                0x0000000000000e54                vprintk
 .text.printk   0x0000000000000e84       0x30 zephyr/libzephyr.a(printk.c.obj)
                0x0000000000000e84                printk
 .text._ConfigAbsSyms
                0x0000000000000eb4       0x24 zephyr/libzephyr.a(configs.c.obj)
                0x0000000000000eb4                _ConfigAbsSyms
 .text.nordicsemi_nrf52_init
                0x0000000000000ed8       0x60 zephyr/libzephyr.a(soc.c.obj)
 .text.errata_98
                0x0000000000000f38       0x3c zephyr/libzephyr.a(system_nrf52840.c.obj)
 .text.SystemInit
                0x0000000000000f74      0x1bc zephyr/libzephyr.a(system_nrf52840.c.obj)
                0x0000000000000f74                SystemInit
 .text.nrfx_isr
                0x0000000000001130       0x20 zephyr/libzephyr.a(nrfx_glue.c.obj)
                0x0000000000001130                nrfx_isr
 .text.nrfx_systick_delay_ticks
                0x0000000000001150       0x34 zephyr/libzephyr.a(nrfx_systick.c.obj)
                0x0000000000001150                nrfx_systick_delay_ticks
 .text.nrfx_systick_delay_us
                0x0000000000001184       0x38 zephyr/libzephyr.a(nrfx_systick.c.obj)
                0x0000000000001184                nrfx_systick_delay_us
 .text.nrf_usbd_task_trigger
                0x00000000000011bc       0x34 zephyr/libzephyr.a(nrfx_usbd.c.obj)
 .text.nrf_usbd_ep_enable_check
                0x00000000000011f0       0x3c zephyr/libzephyr.a(nrfx_usbd.c.obj)
 .text.nrfx_usbd_errata_type_52840_eng_b
                0x000000000000122c       0x3c zephyr/libzephyr.a(nrfx_usbd.c.obj)
 .text.nrfx_usbd_consumer
                0x0000000000001268       0x48 zephyr/libzephyr.a(nrfx_usbd.c.obj)
                0x0000000000001268                nrfx_usbd_consumer
 .text.nrfx_usbd_feeder_ram
                0x00000000000012b0       0x3c zephyr/libzephyr.a(nrfx_usbd.c.obj)
                0x00000000000012b0                nrfx_usbd_feeder_ram
 .text.nrfx_usbd_feeder_ram_zlp
                0x00000000000012ec       0x44 zephyr/libzephyr.a(nrfx_usbd.c.obj)
                0x00000000000012ec                nrfx_usbd_feeder_ram_zlp
 .text.ep_state_access
                0x0000000000001330       0x38 zephyr/libzephyr.a(nrfx_usbd.c.obj)
 .text.ep2bit   0x0000000000001368       0x30 zephyr/libzephyr.a(nrfx_usbd.c.obj)
 .text.usbd_dma_pending_clear
                0x0000000000001398       0x30 zephyr/libzephyr.a(nrfx_usbd.c.obj)
 .text.ev_usbreset_handler
                0x00000000000013c8       0x44 zephyr/libzephyr.a(nrfx_usbd.c.obj)
 .text.ev_started_handler
                0x000000000000140c       0x20 zephyr/libzephyr.a(nrfx_usbd.c.obj)
 .text.nrfx_usbd_feeder_flash
                0x000000000000142c       0x54 zephyr/libzephyr.a(nrfx_usbd.c.obj)
                0x000000000000142c                nrfx_usbd_feeder_flash
 .text.nrfx_usbd_feeder_flash_zlp
                0x0000000000001480       0x5c zephyr/libzephyr.a(nrfx_usbd.c.obj)
                0x0000000000001480                nrfx_usbd_feeder_flash_zlp
 .text.ev_sof_handler
                0x00000000000014dc       0x58 zephyr/libzephyr.a(nrfx_usbd.c.obj)
 .text.usbd_ep_data_handler
                0x0000000000001534       0x6c zephyr/libzephyr.a(nrfx_usbd.c.obj)
 .text.ev_setup_data_handler
                0x00000000000015a0       0x34 zephyr/libzephyr.a(nrfx_usbd.c.obj)
 .text.atomic_and.constprop.11
                0x00000000000015d4       0x40 zephyr/libzephyr.a(nrfx_usbd.c.obj)
 .text.ev_dma_epin0_handler
                0x0000000000001614       0x50 zephyr/libzephyr.a(nrfx_usbd.c.obj)
 .text.nrf_usbd_epin_dma_handler
                0x0000000000001664       0x58 zephyr/libzephyr.a(nrfx_usbd.c.obj)
 .text.ev_dma_epin7_handler
                0x00000000000016bc       0x24 zephyr/libzephyr.a(nrfx_usbd.c.obj)
 .text.ev_dma_epin6_handler
                0x00000000000016e0       0x24 zephyr/libzephyr.a(nrfx_usbd.c.obj)
 .text.ev_dma_epin5_handler
                0x0000000000001704       0x24 zephyr/libzephyr.a(nrfx_usbd.c.obj)
 .text.ev_dma_epin4_handler
                0x0000000000001728       0x24 zephyr/libzephyr.a(nrfx_usbd.c.obj)
 .text.ev_dma_epin3_handler
                0x000000000000174c       0x24 zephyr/libzephyr.a(nrfx_usbd.c.obj)
 .text.ev_dma_epin2_handler
                0x0000000000001770       0x24 zephyr/libzephyr.a(nrfx_usbd.c.obj)
 .text.ev_dma_epin1_handler
                0x0000000000001794       0x24 zephyr/libzephyr.a(nrfx_usbd.c.obj)
 .text.ev_dma_epout8_handler
                0x00000000000017b8       0x54 zephyr/libzephyr.a(nrfx_usbd.c.obj)
 .text.ev_dma_epin8_handler
                0x000000000000180c       0x60 zephyr/libzephyr.a(nrfx_usbd.c.obj)
 .text.ev_usbevent_handler
                0x000000000000186c       0xa4 zephyr/libzephyr.a(nrfx_usbd.c.obj)
 .text.usbd_dmareq_process
                0x0000000000001910      0x224 zephyr/libzephyr.a(nrfx_usbd.c.obj)
 .text.ev_epdata_handler
                0x0000000000001b34       0x80 zephyr/libzephyr.a(nrfx_usbd.c.obj)
 .text.nrf_usbd_epout_dma_handler
                0x0000000000001bb4       0x78 zephyr/libzephyr.a(nrfx_usbd.c.obj)
 .text.ev_dma_epout7_handler
                0x0000000000001c2c       0x24 zephyr/libzephyr.a(nrfx_usbd.c.obj)
 .text.ev_dma_epout6_handler
                0x0000000000001c50       0x24 zephyr/libzephyr.a(nrfx_usbd.c.obj)
 .text.ev_dma_epout5_handler
                0x0000000000001c74       0x24 zephyr/libzephyr.a(nrfx_usbd.c.obj)
 .text.ev_dma_epout4_handler
                0x0000000000001c98       0x24 zephyr/libzephyr.a(nrfx_usbd.c.obj)
 .text.ev_dma_epout3_handler
                0x0000000000001cbc       0x24 zephyr/libzephyr.a(nrfx_usbd.c.obj)
 .text.ev_dma_epout2_handler
                0x0000000000001ce0       0x24 zephyr/libzephyr.a(nrfx_usbd.c.obj)
 .text.ev_dma_epout1_handler
                0x0000000000001d04       0x24 zephyr/libzephyr.a(nrfx_usbd.c.obj)
 .text.nrfx_usbd_uninit
                0x0000000000001d28       0x30 zephyr/libzephyr.a(nrfx_usbd.c.obj)
                0x0000000000001d28                nrfx_usbd_uninit
 .text.nrfx_usbd_enable
                0x0000000000001d58      0x184 zephyr/libzephyr.a(nrfx_usbd.c.obj)
                0x0000000000001d58                nrfx_usbd_enable
 .text.nrfx_usbd_start
                0x0000000000001edc       0x64 zephyr/libzephyr.a(nrfx_usbd.c.obj)
                0x0000000000001edc                nrfx_usbd_start
 .text.nrfx_usbd_is_enabled
                0x0000000000001f40       0x30 zephyr/libzephyr.a(nrfx_usbd.c.obj)
                0x0000000000001f40                nrfx_usbd_is_enabled
 .text.nrfx_usbd_ep_max_packet_size_set
                0x0000000000001f70       0x24 zephyr/libzephyr.a(nrfx_usbd.c.obj)
                0x0000000000001f70                nrfx_usbd_ep_max_packet_size_set
 .text.nrfx_usbd_init
                0x0000000000001f94       0xa0 zephyr/libzephyr.a(nrfx_usbd.c.obj)
                0x0000000000001f94                nrfx_usbd_init
 .text.nrfx_usbd_ep_transfer
                0x0000000000002034      0x120 zephyr/libzephyr.a(nrfx_usbd.c.obj)
                0x0000000000002034                nrfx_usbd_ep_transfer
 .text.nrfx_usbd_ep_status_get
                0x0000000000002154       0x48 zephyr/libzephyr.a(nrfx_usbd.c.obj)
                0x0000000000002154                nrfx_usbd_ep_status_get
 .text.nrfx_usbd_ep_stall
                0x000000000000219c       0x34 zephyr/libzephyr.a(nrfx_usbd.c.obj)
                0x000000000000219c                nrfx_usbd_ep_stall
 .text.nrfx_usbd_ep_stall_check
                0x00000000000021d0       0x54 zephyr/libzephyr.a(nrfx_usbd.c.obj)
                0x00000000000021d0                nrfx_usbd_ep_stall_check
 .text.nrfx_usbd_setup_get
                0x0000000000002224       0x64 zephyr/libzephyr.a(nrfx_usbd.c.obj)
                0x0000000000002224                nrfx_usbd_setup_get
 .text.nrfx_usbd_setup_data_clear
                0x0000000000002288       0x4c zephyr/libzephyr.a(nrfx_usbd.c.obj)
                0x0000000000002288                nrfx_usbd_setup_data_clear
 .text.ev_dma_epout0_handler
                0x00000000000022d4       0x60 zephyr/libzephyr.a(nrfx_usbd.c.obj)
 .text.nrfx_usbd_setup_clear
                0x0000000000002334       0x24 zephyr/libzephyr.a(nrfx_usbd.c.obj)
                0x0000000000002334                nrfx_usbd_setup_clear
 .text.nrfx_usbd_setup_stall
                0x0000000000002358       0x24 zephyr/libzephyr.a(nrfx_usbd.c.obj)
                0x0000000000002358                nrfx_usbd_setup_stall
 .text.nrfx_usbd_last_setup_dir_get
                0x000000000000237c       0x28 zephyr/libzephyr.a(nrfx_usbd.c.obj)
                0x000000000000237c                nrfx_usbd_last_setup_dir_get
 .text.nrfx_usbd_transfer_out_drop
                0x00000000000023a4       0xb4 zephyr/libzephyr.a(nrfx_usbd.c.obj)
                0x00000000000023a4                nrfx_usbd_transfer_out_drop
 .text.usbd_ep_abort
                0x0000000000002458      0x110 zephyr/libzephyr.a(nrfx_usbd.c.obj)
 .text.ev_setup_handler
                0x0000000000002568       0x94 zephyr/libzephyr.a(nrfx_usbd.c.obj)
 .text.nrfx_usbd_irq_handler
                0x00000000000025fc      0x1ac zephyr/libzephyr.a(nrfx_usbd.c.obj)
                0x00000000000025fc                nrfx_usbd_irq_handler
 .text.usbd_ep_abort_all
                0x00000000000027a8       0x6c zephyr/libzephyr.a(nrfx_usbd.c.obj)
 .text.nrfx_usbd_stop
                0x0000000000002814       0x58 zephyr/libzephyr.a(nrfx_usbd.c.obj)
                0x0000000000002814                nrfx_usbd_stop
 .text.nrfx_usbd_disable
                0x000000000000286c       0x4c zephyr/libzephyr.a(nrfx_usbd.c.obj)
                0x000000000000286c                nrfx_usbd_disable
 .text.nrfx_usbd_suspend
                0x00000000000028b8       0x70 zephyr/libzephyr.a(nrfx_usbd.c.obj)
                0x00000000000028b8                nrfx_usbd_suspend
 .text.nrfx_usbd_ep_enable
                0x0000000000002928       0xcc zephyr/libzephyr.a(nrfx_usbd.c.obj)
                0x0000000000002928                nrfx_usbd_ep_enable
 .text.nrfx_usbd_ep_stall_clear
                0x00000000000029f4       0x50 zephyr/libzephyr.a(nrfx_usbd.c.obj)
                0x00000000000029f4                nrfx_usbd_ep_stall_clear
 .text.log_list_init
                0x0000000000002a44       0x24 zephyr/libzephyr.a(log_list.c.obj)
                0x0000000000002a44                log_list_init
 .text.log_list_add_tail
                0x0000000000002a68       0x30 zephyr/libzephyr.a(log_list.c.obj)
                0x0000000000002a68                log_list_add_tail
 .text.log_list_head_peek
                0x0000000000002a98       0x20 zephyr/libzephyr.a(log_list.c.obj)
                0x0000000000002a98                log_list_head_peek
 .text.log_list_head_get
                0x0000000000002ab8       0x28 zephyr/libzephyr.a(log_list.c.obj)
                0x0000000000002ab8                log_list_head_get
 .text.dummy_timestamp
                0x0000000000002ae0       0x24 zephyr/libzephyr.a(log_core.c.obj)
 .text.z_log_msg_std_alloc
                0x0000000000002b04       0x40 zephyr/libzephyr.a(log_core.c.obj)
 .text.timestamp_get
                0x0000000000002b44       0x24 zephyr/libzephyr.a(log_core.c.obj)
 .text.enable_logger
                0x0000000000002b68       0x58 zephyr/libzephyr.a(log_core.c.obj)
 .text.log_core_init
                0x0000000000002bc0       0x58 zephyr/libzephyr.a(log_core.c.obj)
                0x0000000000002bc0                log_core_init
 .text.dropped_notify
                0x0000000000002c18       0x6c zephyr/libzephyr.a(log_core.c.obj)
                0x0000000000002c18                dropped_notify
 .text.z_impl_log_process
                0x0000000000002c84       0xc8 zephyr/libzephyr.a(log_core.c.obj)
                0x0000000000002c84                z_impl_log_process
 .text.msg_finalize
                0x0000000000002d4c       0xbc zephyr/libzephyr.a(log_core.c.obj)
 .text.log_0    0x0000000000002e08       0x3c zephyr/libzephyr.a(log_core.c.obj)
                0x0000000000002e08                log_0
 .text.log_1    0x0000000000002e44       0x4c zephyr/libzephyr.a(log_core.c.obj)
                0x0000000000002e44                log_1
 .text.log_2    0x0000000000002e90       0x54 zephyr/libzephyr.a(log_core.c.obj)
                0x0000000000002e90                log_2
 .text.log_dropped
                0x0000000000002ee4       0x3c zephyr/libzephyr.a(log_core.c.obj)
                0x0000000000002ee4                log_dropped
 .text.log_source_name_get
                0x0000000000002f20       0x38 zephyr/libzephyr.a(log_core.c.obj)
                0x0000000000002f20                log_source_name_get
 .text.log_backend_enable
                0x0000000000002f58       0x3c zephyr/libzephyr.a(log_core.c.obj)
                0x0000000000002f58                log_backend_enable
 .text.log_init
                0x0000000000002f94       0x6c zephyr/libzephyr.a(log_core.c.obj)
                0x0000000000002f94                log_init
 .text.z_impl_log_panic
                0x0000000000003000       0x68 zephyr/libzephyr.a(log_core.c.obj)
                0x0000000000003000                z_impl_log_panic
 .text.log_process_thread_func
                0x0000000000003068       0x44 zephyr/libzephyr.a(log_core.c.obj)
 .text.log_is_strdup
                0x00000000000030ac       0x38 zephyr/libzephyr.a(log_core.c.obj)
                0x00000000000030ac                log_is_strdup
 .text.log_free
                0x00000000000030e4       0x48 zephyr/libzephyr.a(log_core.c.obj)
                0x00000000000030e4                log_free
 .text.log_msg_hexdump_data_op
                0x000000000000312c       0xc0 zephyr/libzephyr.a(log_msg.c.obj)
 .text.log_msg_pool_init
                0x00000000000031ec       0x34 zephyr/libzephyr.a(log_msg.c.obj)
                0x00000000000031ec                log_msg_pool_init
 .text.log_msg_get
                0x0000000000003220       0x38 zephyr/libzephyr.a(log_msg.c.obj)
                0x0000000000003220                log_msg_get
 .text.log_msg_no_space_handle
                0x0000000000003258       0x44 zephyr/libzephyr.a(log_msg.c.obj)
                0x0000000000003258                log_msg_no_space_handle
 .text.log_msg_nargs_get
                0x000000000000329c       0x24 zephyr/libzephyr.a(log_msg.c.obj)
                0x000000000000329c                log_msg_nargs_get
 .text.log_msg_arg_get
                0x00000000000032c0       0x58 zephyr/libzephyr.a(log_msg.c.obj)
                0x00000000000032c0                log_msg_arg_get
 .text.msg_free
                0x0000000000003318       0x7c zephyr/libzephyr.a(log_msg.c.obj)
 .text.log_msg_put
                0x0000000000003394       0x54 zephyr/libzephyr.a(log_msg.c.obj)
                0x0000000000003394                log_msg_put
 .text.log_msg_str_get
                0x00000000000033e8       0x20 zephyr/libzephyr.a(log_msg.c.obj)
                0x00000000000033e8                log_msg_str_get
 .text.log_msg_hexdump_data_get
                0x0000000000003408       0x28 zephyr/libzephyr.a(log_msg.c.obj)
                0x0000000000003408                log_msg_hexdump_data_get
 .text.buffer_write
                0x0000000000003430       0x38 zephyr/libzephyr.a(log_output.c.obj)
 .text.print_formatted
                0x0000000000003468       0x3c zephyr/libzephyr.a(log_output.c.obj)
 .text.std_print
                0x00000000000034a4      0x2dc zephyr/libzephyr.a(log_output.c.obj)
 .text.prefix_print
                0x0000000000003780      0x134 zephyr/libzephyr.a(log_output.c.obj)
 .text.hexdump_line_print
                0x00000000000038b4       0xd0 zephyr/libzephyr.a(log_output.c.obj)
 .text.postfix_print
                0x0000000000003984       0x60 zephyr/libzephyr.a(log_output.c.obj)
 .text.log_output_flush
                0x00000000000039e4       0x34 zephyr/libzephyr.a(log_output.c.obj)
                0x00000000000039e4                log_output_flush
 .text.out_func
                0x0000000000003a18       0x3c zephyr/libzephyr.a(log_output.c.obj)
 .text.log_output_msg_process
                0x0000000000003a54      0x104 zephyr/libzephyr.a(log_output.c.obj)
                0x0000000000003a54                log_output_msg_process
 .text.log_output_dropped_process
                0x0000000000003b58       0x6c zephyr/libzephyr.a(log_output.c.obj)
                0x0000000000003b58                log_output_dropped_process
 .text.log_output_timestamp_freq_set
                0x0000000000003bc4       0x48 zephyr/libzephyr.a(log_output.c.obj)
                0x0000000000003bc4                log_output_timestamp_freq_set
 .text.char_out
                0x0000000000003c0c       0x40 zephyr/libzephyr.a(log_backend_uart.c.obj)
 .text.log_backend_uart_init
                0x0000000000003c4c       0x30 zephyr/libzephyr.a(log_backend_uart.c.obj)
 .text.panic    0x0000000000003c7c       0x28 zephyr/libzephyr.a(log_backend_uart.c.obj)
 .text.dropped  0x0000000000003ca4       0x28 zephyr/libzephyr.a(log_backend_uart.c.obj)
 .text.put      0x0000000000003ccc       0x3c zephyr/libzephyr.a(log_backend_uart.c.obj)
 .text.disk_init
                0x0000000000003d08       0x34 zephyr/libzephyr.a(disk_access.c.obj)
 .text.disk_access_get_di
                0x0000000000003d3c       0x78 zephyr/libzephyr.a(disk_access.c.obj)
                0x0000000000003d3c                disk_access_get_di
 .text.disk_access_init
                0x0000000000003db4       0x40 zephyr/libzephyr.a(disk_access.c.obj)
                0x0000000000003db4                disk_access_init
 .text.disk_access_status
                0x0000000000003df4       0x40 zephyr/libzephyr.a(disk_access.c.obj)
                0x0000000000003df4                disk_access_status
 .text.disk_access_read
                0x0000000000003e34       0x54 zephyr/libzephyr.a(disk_access.c.obj)
                0x0000000000003e34                disk_access_read
 .text.disk_access_write
                0x0000000000003e88       0x54 zephyr/libzephyr.a(disk_access.c.obj)
                0x0000000000003e88                disk_access_write
 .text.disk_access_ioctl
                0x0000000000003edc       0x48 zephyr/libzephyr.a(disk_access.c.obj)
                0x0000000000003edc                disk_access_ioctl
 .text.disk_access_register
                0x0000000000003f24       0xa0 zephyr/libzephyr.a(disk_access.c.obj)
                0x0000000000003f24                disk_access_register
 .text.disk_ram_access_status
                0x0000000000003fc4       0x24 zephyr/libzephyr.a(disk_access_ram.c.obj)
 .text.disk_ram_access_ioctl
                0x0000000000003fe8       0x44 zephyr/libzephyr.a(disk_access_ram.c.obj)
 .text.disk_ram_init
                0x000000000000402c       0x28 zephyr/libzephyr.a(disk_access_ram.c.obj)
 .text.disk_ram_access_write
                0x0000000000004054       0x30 zephyr/libzephyr.a(disk_access_ram.c.obj)
 .text.disk_ram_access_read
                0x0000000000004084       0x34 zephyr/libzephyr.a(disk_access_ram.c.obj)
 .text.disk_ram_access_init
                0x00000000000040b8       0x24 zephyr/libzephyr.a(disk_access_ram.c.obj)
 .text.usb_handle_vendor_request
                0x00000000000040dc       0x3c zephyr/libzephyr.a(usb_device.c.obj)
 .text.forward_status_cb
                0x0000000000004118       0x5c zephyr/libzephyr.a(usb_device.c.obj)
 .text.usb_data_to_host
                0x0000000000004174       0x5c zephyr/libzephyr.a(usb_device.c.obj)
 .text.usb_handle_standard_request
                0x00000000000041d0      0x2a8 zephyr/libzephyr.a(usb_device.c.obj)
 .text.usb_handle_request.constprop.7
                0x0000000000004478       0x44 zephyr/libzephyr.a(usb_device.c.obj)
 .text.usb_handle_control_transfer
                0x00000000000044bc       0xe4 zephyr/libzephyr.a(usb_device.c.obj)
 .text.k_work_submit_to_queue.constprop.9
                0x00000000000045a0       0x58 zephyr/libzephyr.a(usb_device.c.obj)
 .text.usb_transfer_work
                0x00000000000045f8      0x118 zephyr/libzephyr.a(usb_device.c.obj)
 .text.usb_set_config
                0x0000000000004710       0x60 zephyr/libzephyr.a(usb_device.c.obj)
                0x0000000000004710                usb_set_config
 .text.usb_enable
                0x0000000000004770       0xf8 zephyr/libzephyr.a(usb_device.c.obj)
                0x0000000000004770                usb_enable
 .text.usb_write
                0x0000000000004868       0x24 zephyr/libzephyr.a(usb_device.c.obj)
                0x0000000000004868                usb_write
 .text.usb_ep_set_stall
                0x000000000000488c       0x24 zephyr/libzephyr.a(usb_device.c.obj)
                0x000000000000488c                usb_ep_set_stall
 .text.usb_ep_read_wait
                0x00000000000048b0       0x24 zephyr/libzephyr.a(usb_device.c.obj)
                0x00000000000048b0                usb_ep_read_wait
 .text.usb_ep_read_continue
                0x00000000000048d4       0x24 zephyr/libzephyr.a(usb_device.c.obj)
                0x00000000000048d4                usb_ep_read_continue
 .text.usb_update_sn_string_descriptor
                0x00000000000048f8       0x24 zephyr/libzephyr.a(usb_descriptor.c.obj)
                0x00000000000048f8                usb_update_sn_string_descriptor
 .text.usb_fix_descriptor
                0x000000000000491c      0x25c zephyr/libzephyr.a(usb_descriptor.c.obj)
 .text.usb_get_device_descriptor
                0x0000000000004b78       0x58 zephyr/libzephyr.a(usb_descriptor.c.obj)
                0x0000000000004b78                usb_get_device_descriptor
 .text.mass_interface_config
                0x0000000000004bd0       0x28 zephyr/libzephyr.a(mass_storage.c.obj)
 .text.sendCSW  0x0000000000004bf8       0x74 zephyr/libzephyr.a(mass_storage.c.obj)
 .text.infoTransfer
                0x0000000000004c6c       0xd0 zephyr/libzephyr.a(mass_storage.c.obj)
 .text.msd_init
                0x0000000000004d3c       0x5c zephyr/libzephyr.a(mass_storage.c.obj)
 .text.mass_storage_status_cb
                0x0000000000004d98       0x40 zephyr/libzephyr.a(mass_storage.c.obj)
 .text.mass_storage_class_handle_req
                0x0000000000004dd8       0x64 zephyr/libzephyr.a(mass_storage.c.obj)
 .text.write    0x0000000000004e3c       0x88 zephyr/libzephyr.a(mass_storage.c.obj)
 .text.memoryRead
                0x0000000000004ec4       0xc0 zephyr/libzephyr.a(mass_storage.c.obj)
 .text.mass_storage_bulk_in
                0x0000000000004f84       0xac zephyr/libzephyr.a(mass_storage.c.obj)
 .text.mass_thread_main
                0x0000000000005030      0x1b8 zephyr/libzephyr.a(mass_storage.c.obj)
 .text.mass_storage_init
                0x00000000000051e8      0x1ac zephyr/libzephyr.a(mass_storage.c.obj)
 .text.mass_storage_bulk_out
                0x0000000000005394      0x414 zephyr/libzephyr.a(mass_storage.c.obj)
 .text.sys_rand32_get
                0x00000000000057a8       0x64 zephyr/libzephyr.a(rand32_entropy_device.c.obj)
                0x00000000000057a8                sys_rand32_get
 .text.console_out
                0x000000000000580c       0x40 zephyr/libzephyr.a(uart_console.c.obj)
 .text.uart_console_hook_install
                0x000000000000584c       0x30 zephyr/libzephyr.a(uart_console.c.obj)
                0x000000000000584c                uart_console_hook_install
 .text.uart_console_init
                0x000000000000587c       0x38 zephyr/libzephyr.a(uart_console.c.obj)
 .text.m16src_stop
                0x00000000000058b4       0x8c zephyr/libzephyr.a(nrf_power_clock.c.obj)
 .text.m16src_start
                0x0000000000005940       0xe4 zephyr/libzephyr.a(nrf_power_clock.c.obj)
 .text.clock_control_init
                0x0000000000005a24       0x30 zephyr/libzephyr.a(nrf_power_clock.c.obj)
 .text.k32src_start
                0x0000000000005a54       0xc8 zephyr/libzephyr.a(nrf_power_clock.c.obj)
 .text.nrf_power_clock_isr
                0x0000000000005b1c      0x178 zephyr/libzephyr.a(nrf_power_clock.c.obj)
                0x0000000000005b1c                nrf_power_clock_isr
 .text.nrf5_power_usb_power_int_enable
                0x0000000000005c94       0x44 zephyr/libzephyr.a(nrf_power_clock.c.obj)
                0x0000000000005c94                nrf5_power_usb_power_int_enable
 .text.endpoint_ctx
                0x0000000000005cd8       0x5c zephyr/libzephyr.a(usb_dc_nrfx.c.obj)
 .text.usbd_evt_put
                0x0000000000005d34       0x2c zephyr/libzephyr.a(usb_dc_nrfx.c.obj)
 .text.hf_clock_enable.constprop.10
                0x0000000000005d60       0xc8 zephyr/libzephyr.a(usb_dc_nrfx.c.obj)
 .text.usbd_work_schedule
                0x0000000000005e28       0x5c zephyr/libzephyr.a(usb_dc_nrfx.c.obj)
 .text.usbd_evt_flush
                0x0000000000005e84       0x34 zephyr/libzephyr.a(usb_dc_nrfx.c.obj)
 .text.usbd_evt_alloc
                0x0000000000005eb8       0xb8 zephyr/libzephyr.a(usb_dc_nrfx.c.obj)
 .text.usbd_event_transfer_data
                0x0000000000005f70      0x120 zephyr/libzephyr.a(usb_dc_nrfx.c.obj)
 .text.usbd_event_handler
                0x0000000000006090      0x1ac zephyr/libzephyr.a(usb_dc_nrfx.c.obj)
 .text.eps_ctx_init
                0x000000000000623c      0x1ac zephyr/libzephyr.a(usb_dc_nrfx.c.obj)
 .text.usbd_work_handler
                0x00000000000063e8      0x350 zephyr/libzephyr.a(usb_dc_nrfx.c.obj)
 .text.usb_dc_nrfx_power_event_callback
                0x0000000000006738       0x9c zephyr/libzephyr.a(usb_dc_nrfx.c.obj)
                0x0000000000006738                usb_dc_nrfx_power_event_callback
 .text.usb_dc_attach
                0x00000000000067d4       0x98 zephyr/libzephyr.a(usb_dc_nrfx.c.obj)
                0x00000000000067d4                usb_dc_attach
 .text.usb_dc_set_address
                0x000000000000686c       0x3c zephyr/libzephyr.a(usb_dc_nrfx.c.obj)
                0x000000000000686c                usb_dc_set_address
 .text.usb_dc_ep_check_cap
                0x00000000000068a8       0x84 zephyr/libzephyr.a(usb_dc_nrfx.c.obj)
                0x00000000000068a8                usb_dc_ep_check_cap
 .text.usb_dc_ep_configure
                0x000000000000692c       0x80 zephyr/libzephyr.a(usb_dc_nrfx.c.obj)
                0x000000000000692c                usb_dc_ep_configure
 .text.usb_dc_ep_set_stall
                0x00000000000069ac       0x8c zephyr/libzephyr.a(usb_dc_nrfx.c.obj)
                0x00000000000069ac                usb_dc_ep_set_stall
 .text.usb_dc_ep_clear_stall
                0x0000000000006a38       0x48 zephyr/libzephyr.a(usb_dc_nrfx.c.obj)
                0x0000000000006a38                usb_dc_ep_clear_stall
 .text.usb_dc_ep_is_stalled
                0x0000000000006a80       0x4c zephyr/libzephyr.a(usb_dc_nrfx.c.obj)
                0x0000000000006a80                usb_dc_ep_is_stalled
 .text.usb_dc_ep_enable
                0x0000000000006acc       0x54 zephyr/libzephyr.a(usb_dc_nrfx.c.obj)
                0x0000000000006acc                usb_dc_ep_enable
 .text.usb_dc_ep_write
                0x0000000000006b20      0x118 zephyr/libzephyr.a(usb_dc_nrfx.c.obj)
                0x0000000000006b20                usb_dc_ep_write
 .text.usb_dc_ep_read_wait
                0x0000000000006c38       0xa8 zephyr/libzephyr.a(usb_dc_nrfx.c.obj)
                0x0000000000006c38                usb_dc_ep_read_wait
 .text.usb_dc_ep_read_continue
                0x0000000000006ce0       0x88 zephyr/libzephyr.a(usb_dc_nrfx.c.obj)
                0x0000000000006ce0                usb_dc_ep_read_continue
 .text.usb_dc_ep_read
                0x0000000000006d68       0x44 zephyr/libzephyr.a(usb_dc_nrfx.c.obj)
                0x0000000000006d68                usb_dc_ep_read
 .text.usb_dc_ep_set_callback
                0x0000000000006dac       0x40 zephyr/libzephyr.a(usb_dc_nrfx.c.obj)
                0x0000000000006dac                usb_dc_ep_set_callback
 .text.usb_dc_set_status_callback
                0x0000000000006dec       0x2c zephyr/libzephyr.a(usb_dc_nrfx.c.obj)
                0x0000000000006dec                usb_dc_set_status_callback
 .text.usb_dc_ep_mps
                0x0000000000006e18       0x3c zephyr/libzephyr.a(usb_dc_nrfx.c.obj)
                0x0000000000006e18                usb_dc_ep_mps
 .text.z_clock_isr
                0x0000000000006e54       0x20 zephyr/libzephyr.a(sys_clock_init.c.obj)
                0x0000000000006e54                z_clock_isr
 .text.z_clock_idle_exit
                0x0000000000006e74       0x20 zephyr/libzephyr.a(sys_clock_init.c.obj)
                0x0000000000006e74                z_clock_idle_exit
 .text.rtc1_nrf_isr
                0x0000000000006e94       0x68 zephyr/libzephyr.a(nrf_rtc_timer.c.obj)
                0x0000000000006e94                rtc1_nrf_isr
 .text.z_clock_driver_init
                0x0000000000006efc       0xa4 zephyr/libzephyr.a(nrf_rtc_timer.c.obj)
                0x0000000000006efc                z_clock_driver_init
 .text.z_clock_set_timeout
                0x0000000000006fa0       0x90 zephyr/libzephyr.a(nrf_rtc_timer.c.obj)
                0x0000000000006fa0                z_clock_set_timeout
 .text.z_clock_elapsed
                0x0000000000007030       0x58 zephyr/libzephyr.a(nrf_rtc_timer.c.obj)
                0x0000000000007030                z_clock_elapsed
 .text.z_timer_cycle_get_32
                0x0000000000007088       0x50 zephyr/libzephyr.a(nrf_rtc_timer.c.obj)
                0x0000000000007088                z_timer_cycle_get_32
 .text._HandlerModeExit
                0x00000000000070d8       0x1c zephyr/arch/arch/arm/core/libarch__arm__core.a(exc_exit.S.obj)
                0x00000000000070d8                z_ExcExit
                0x00000000000070d8                _IntExit
 .text.z_IntLibInit
                0x00000000000070f4       0x34 zephyr/arch/arch/arm/core/libarch__arm__core.a(irq_init.c.obj)
                0x00000000000070f4                z_IntLibInit
 .text.__swap   0x0000000000007128       0x50 zephyr/arch/arch/arm/core/libarch__arm__core.a(swap.c.obj)
                0x0000000000007128                __swap
 .text.__pendsv
                0x0000000000007178       0x58 zephyr/arch/arch/arm/core/libarch__arm__core.a(swap_helper.S.obj)
                0x0000000000007178                __pendsv
 .text.__svc    0x00000000000071d0       0x24 zephyr/arch/arch/arm/core/libarch__arm__core.a(swap_helper.S.obj)
                0x00000000000071d0                __svc
 .text.MpuFault.isra.2
                0x00000000000071f4       0xb0 zephyr/arch/arch/arm/core/libarch__arm__core.a(fault.c.obj)
 .text.BusFault.isra.3
                0x00000000000072a4       0xbc zephyr/arch/arch/arm/core/libarch__arm__core.a(fault.c.obj)
 .text.UsageFault.isra.4
                0x0000000000007360       0xa4 zephyr/arch/arch/arm/core/libarch__arm__core.a(fault.c.obj)
 .text._Fault   0x0000000000007404       0xfc zephyr/arch/arch/arm/core/libarch__arm__core.a(fault.c.obj)
                0x0000000000007404                _Fault
 .text.z_FaultInit
                0x0000000000007500       0x2c zephyr/arch/arch/arm/core/libarch__arm__core.a(fault.c.obj)
                0x0000000000007500                z_FaultInit
 .text.z_arch_irq_enable
                0x000000000000752c       0x3c zephyr/arch/arch/arm/core/libarch__arm__core.a(irq_manage.c.obj)
                0x000000000000752c                z_arch_irq_enable
 .text.z_arch_irq_disable
                0x0000000000007568       0x44 zephyr/arch/arch/arm/core/libarch__arm__core.a(irq_manage.c.obj)
                0x0000000000007568                z_arch_irq_disable
 .text.z_arch_irq_is_enabled
                0x00000000000075ac       0x38 zephyr/arch/arch/arm/core/libarch__arm__core.a(irq_manage.c.obj)
                0x00000000000075ac                z_arch_irq_is_enabled
 .text.z_irq_priority_set
                0x00000000000075e4       0x48 zephyr/arch/arch/arm/core/libarch__arm__core.a(irq_manage.c.obj)
                0x00000000000075e4                z_irq_priority_set
 .text.z_irq_spurious
                0x000000000000762c       0x24 zephyr/arch/arch/arm/core/libarch__arm__core.a(irq_manage.c.obj)
                0x000000000000762c                z_irq_spurious
 .text.z_new_thread
                0x0000000000007650       0x70 zephyr/arch/arch/arm/core/libarch__arm__core.a(thread.c.obj)
                0x0000000000007650                z_new_thread
 .text.z_CpuIdleInit
                0x00000000000076c0        0xc zephyr/arch/arch/arm/core/libarch__arm__core.a(cpu_idle.S.obj)
                0x00000000000076c0                z_CpuIdleInit
 .text.k_cpu_idle
                0x00000000000076cc        0xc zephyr/arch/arch/arm/core/libarch__arm__core.a(cpu_idle.S.obj)
                0x00000000000076cc                k_cpu_idle
 .text.__fault  0x00000000000076d8       0x28 zephyr/arch/arch/arm/core/libarch__arm__core.a(fault_s.S.obj)
                0x00000000000076d8                __usage_fault
                0x00000000000076d8                __reserved
                0x00000000000076d8                __bus_fault
                0x00000000000076d8                __debug_monitor
                0x00000000000076d8                __mpu_fault
                0x00000000000076d8                __hard_fault
 .text.z_NanoFatalErrorHandler
                0x0000000000007700       0x88 zephyr/arch/arch/arm/core/libarch__arm__core.a(fatal.c.obj)
                0x0000000000007700                z_NanoFatalErrorHandler
 .text.z_do_kernel_oops
                0x0000000000007788       0x28 zephyr/arch/arch/arm/core/libarch__arm__core.a(fatal.c.obj)
                0x0000000000007788                z_do_kernel_oops
 .text.z_SysFatalErrorHandler
                0x00000000000077b0       0x70 zephyr/arch/arch/arm/core/libarch__arm__core.a(sys_fatal_error_handler.c.obj)
                0x00000000000077b0                z_SysFatalErrorHandler
 .text.z_impl_k_thread_abort
                0x0000000000007820       0x64 zephyr/arch/arch/arm/core/libarch__arm__core.a(thread_abort.c.obj)
                0x0000000000007820                z_impl_k_thread_abort
 .text._isr_wrapper
                0x0000000000007884       0x40 zephyr/arch/arch/arm/core/libarch__arm__core.a(isr_wrapper.S.obj)
                0x0000000000007884                _isr_wrapper
 .text._reset_section
                0x00000000000078c4       0x2c zephyr/arch/arch/arm/core/cortex_m/libarch__arm__core__cortex_m.a(reset.S.obj)
                0x00000000000078c4                __reset
                0x00000000000078c4                __start
 .text.z_SysNmiOnReset
                0x00000000000078f0        0x8 zephyr/arch/arch/arm/core/cortex_m/libarch__arm__core__cortex_m.a(nmi_on_reset.S.obj)
                0x00000000000078f0                z_SysNmiOnReset
 .text._PrepC   0x00000000000078f8       0x38 zephyr/arch/arch/arm/core/cortex_m/libarch__arm__core__cortex_m.a(prep_c.c.obj)
                0x00000000000078f8                _PrepC
 .text.__nmi    0x0000000000007930       0x28 zephyr/arch/arch/arm/core/cortex_m/libarch__arm__core__cortex_m.a(nmi.c.obj)
                0x0000000000007930                __nmi
 .text.z_arch_configure_static_mpu_regions
                0x0000000000007958       0x50 zephyr/arch/arch/arm/core/cortex_m/mpu/libarch__arm__core__cortex_m__mpu.a(arm_core_mpu.c.obj)
                0x0000000000007958                z_arch_configure_static_mpu_regions
 .text.z_arch_configure_dynamic_mpu_regions
                0x00000000000079a8       0x24 zephyr/arch/arch/arm/core/cortex_m/mpu/libarch__arm__core__cortex_m__mpu.a(arm_core_mpu.c.obj)
                0x00000000000079a8                z_arch_configure_dynamic_mpu_regions
 .text.mpu_configure_regions
                0x00000000000079cc       0xf4 zephyr/arch/arch/arm/core/cortex_m/mpu/libarch__arm__core__cortex_m__mpu.a(arm_mpu.c.obj)
 .text.arm_core_mpu_enable
                0x0000000000007ac0       0x30 zephyr/arch/arch/arm/core/cortex_m/mpu/libarch__arm__core__cortex_m__mpu.a(arm_mpu.c.obj)
                0x0000000000007ac0                arm_core_mpu_enable
 .text.arm_core_mpu_disable
                0x0000000000007af0       0x2c zephyr/arch/arch/arm/core/cortex_m/mpu/libarch__arm__core__cortex_m__mpu.a(arm_mpu.c.obj)
                0x0000000000007af0                arm_core_mpu_disable
 .text.arm_mpu_init
                0x0000000000007b1c       0x74 zephyr/arch/arch/arm/core/cortex_m/mpu/libarch__arm__core__cortex_m__mpu.a(arm_mpu.c.obj)
 .text.arm_core_mpu_configure_static_mpu_regions
                0x0000000000007b90       0x2c zephyr/arch/arch/arm/core/cortex_m/mpu/libarch__arm__core__cortex_m__mpu.a(arm_mpu.c.obj)
                0x0000000000007b90                arm_core_mpu_configure_static_mpu_regions
 .text.arm_core_mpu_configure_dynamic_mpu_regions
                0x0000000000007bbc       0x44 zephyr/arch/arch/arm/core/cortex_m/mpu/libarch__arm__core__cortex_m__mpu.a(arm_mpu.c.obj)
                0x0000000000007bbc                arm_core_mpu_configure_dynamic_mpu_regions
 .text.strchr   0x0000000000007c00       0x38 zephyr/lib/libc/minimal/liblib__libc__minimal.a(string.c.obj)
                0x0000000000007c00                strchr
 .text.strlen   0x0000000000007c38       0x2c zephyr/lib/libc/minimal/liblib__libc__minimal.a(string.c.obj)
                0x0000000000007c38                strlen
 .text.strcmp   0x0000000000007c64       0x34 zephyr/lib/libc/minimal/liblib__libc__minimal.a(string.c.obj)
                0x0000000000007c64                strcmp
 .text.strncmp  0x0000000000007c98       0x38 zephyr/lib/libc/minimal/liblib__libc__minimal.a(string.c.obj)
                0x0000000000007c98                strncmp
 .text.memmove  0x0000000000007cd0       0x48 zephyr/lib/libc/minimal/liblib__libc__minimal.a(string.c.obj)
                0x0000000000007cd0                memmove
 .text.memcpy   0x0000000000007d18       0x6c zephyr/lib/libc/minimal/liblib__libc__minimal.a(string.c.obj)
                0x0000000000007d18                memcpy
 .text.memset   0x0000000000007d84       0x5c zephyr/lib/libc/minimal/liblib__libc__minimal.a(string.c.obj)
                0x0000000000007d84                memset
 .text._to_x    0x0000000000007de0       0x6c zephyr/lib/libc/minimal/liblib__libc__minimal.a(prf.c.obj)
 .text._rlrshift
                0x0000000000007e4c       0x3c zephyr/lib/libc/minimal/liblib__libc__minimal.a(prf.c.obj)
 .text._ldiv5   0x0000000000007e88       0x70 zephyr/lib/libc/minimal/liblib__libc__minimal.a(prf.c.obj)
 .text._get_digit
                0x0000000000007ef8       0x48 zephyr/lib/libc/minimal/liblib__libc__minimal.a(prf.c.obj)
 .text.z_prf    0x0000000000007f40      0x764 zephyr/lib/libc/minimal/liblib__libc__minimal.a(prf.c.obj)
                0x0000000000007f40                z_prf
 .text._stdout_hook_default
                0x00000000000086a4       0x24 zephyr/lib/libc/minimal/liblib__libc__minimal.a(stdout_console.c.obj)
 .text.__stdout_hook_install
                0x00000000000086c8       0x28 zephyr/lib/libc/minimal/liblib__libc__minimal.a(stdout_console.c.obj)
                0x00000000000086c8                __stdout_hook_install
 .text.sprintf_out
                0x00000000000086f0       0x38 zephyr/lib/libc/minimal/liblib__libc__minimal.a(sprintf.c.obj)
 .text.snprintf
                0x0000000000008728       0x4c zephyr/lib/libc/minimal/liblib__libc__minimal.a(sprintf.c.obj)
                0x0000000000008728                snprintf
 .text.gpio_fire_callbacks
                0x0000000000008774       0x3c zephyr/drivers/gpio/libdrivers__gpio.a(gpio_nrfx.c.obj)
 .text.gpio_nrfx_write
                0x00000000000087b0       0x58 zephyr/drivers/gpio/libdrivers__gpio.a(gpio_nrfx.c.obj)
 .text.gpio_nrfx_read
                0x0000000000008808       0x4c zephyr/drivers/gpio/libdrivers__gpio.a(gpio_nrfx.c.obj)
 .text.gpio_nrfx_manage_callback
                0x0000000000008854       0x70 zephyr/drivers/gpio/libdrivers__gpio.a(gpio_nrfx.c.obj)
 .text.gpio_nrfx_init
                0x00000000000088c4       0x4c zephyr/drivers/gpio/libdrivers__gpio.a(gpio_nrfx.c.obj)
 .text.nrf_gpio_cfg_sense_set
                0x0000000000008910       0x4c zephyr/drivers/gpio/libdrivers__gpio.a(gpio_nrfx.c.obj)
 .text.check_level_trigger_pins
                0x000000000000895c       0x78 zephyr/drivers/gpio/libdrivers__gpio.a(gpio_nrfx.c.obj)
 .text.cfg_level_pins
                0x00000000000089d4       0x74 zephyr/drivers/gpio/libdrivers__gpio.a(gpio_nrfx.c.obj)
 .text.gpiote_pin_int_cfg
                0x0000000000008a48      0x168 zephyr/drivers/gpio/libdrivers__gpio.a(gpio_nrfx.c.obj)
 .text.gpio_nrfx_config
                0x0000000000008bb0      0x148 zephyr/drivers/gpio/libdrivers__gpio.a(gpio_nrfx.c.obj)
 .text.gpio_nrfx_pin_disable_callback
                0x0000000000008cf8       0x5c zephyr/drivers/gpio/libdrivers__gpio.a(gpio_nrfx.c.obj)
 .text.gpiote_event_handler
                0x0000000000008d54       0xec zephyr/drivers/gpio/libdrivers__gpio.a(gpio_nrfx.c.obj)
 .text.gpio_nrfx_pin_enable_callback
                0x0000000000008e40       0x58 zephyr/drivers/gpio/libdrivers__gpio.a(gpio_nrfx.c.obj)
 .text.uart_nrfx_err_check
                0x0000000000008e98       0x30 zephyr/drivers/serial/libdrivers__serial.a(uart_nrfx_uart.c.obj)
 .text.uart_nrfx_config_get
                0x0000000000008ec8       0x2c zephyr/drivers/serial/libdrivers__serial.a(uart_nrfx_uart.c.obj)
 .text.uart_nrfx_configure
                0x0000000000008ef4      0x184 zephyr/drivers/serial/libdrivers__serial.a(uart_nrfx_uart.c.obj)
 .text.uart_nrfx_poll_in
                0x0000000000009078       0x44 zephyr/drivers/serial/libdrivers__serial.a(uart_nrfx_uart.c.obj)
 .text.uart_nrfx_poll_out
                0x00000000000090bc       0x4c zephyr/drivers/serial/libdrivers__serial.a(uart_nrfx_uart.c.obj)
 .text.uart_nrfx_init
                0x0000000000009108       0x80 zephyr/drivers/serial/libdrivers__serial.a(uart_nrfx_uart.c.obj)
 .text.rng_pool_get
                0x0000000000009188       0xb4 zephyr/drivers/entropy/libdrivers__entropy.a(entropy_nrf5.c.obj)
 .text.entropy_nrf5_get_entropy
                0x000000000000923c       0x68 zephyr/drivers/entropy/libdrivers__entropy.a(entropy_nrf5.c.obj)
 .text.random_byte_get
                0x00000000000092a4       0x5c zephyr/drivers/entropy/libdrivers__entropy.a(entropy_nrf5.c.obj)
 .text.entropy_nrf5_get_entropy_isr
                0x0000000000009300       0xb8 zephyr/drivers/entropy/libdrivers__entropy.a(entropy_nrf5.c.obj)
 .text.entropy_nrf5_init
                0x00000000000093b8       0x8c zephyr/drivers/entropy/libdrivers__entropy.a(entropy_nrf5.c.obj)
 .text.isr      0x0000000000009444       0x98 zephyr/drivers/entropy/libdrivers__entropy.a(entropy_nrf5.c.obj)
 .text.z_sys_device_do_config_level
                0x00000000000094dc       0x44 zephyr/kernel/libkernel.a(device.c.obj)
                0x00000000000094dc                z_sys_device_do_config_level
 .text.z_impl_device_get_binding
                0x0000000000009520       0x64 zephyr/kernel/libkernel.a(device.c.obj)
                0x0000000000009520                z_impl_device_get_binding
 .text.z_sys_power_save_idle_exit
                0x0000000000009584       0x24 zephyr/kernel/libkernel.a(idle.c.obj)
                0x0000000000009584                z_sys_power_save_idle_exit
 .text.idle     0x00000000000095a8       0x3c zephyr/kernel/libkernel.a(idle.c.obj)
                0x00000000000095a8                idle
 .text.z_bss_zero
                0x00000000000095e4       0x34 zephyr/kernel/libkernel.a(init.c.obj)
                0x00000000000095e4                z_bss_zero
 .text.z_data_copy
                0x0000000000009618       0x4c zephyr/kernel/libkernel.a(init.c.obj)
                0x0000000000009618                z_data_copy
 .text.bg_thread_main
                0x0000000000009664       0x48 zephyr/kernel/libkernel.a(init.c.obj)
 .text.z_early_boot_rand32_get
                0x00000000000096ac       0x58 zephyr/kernel/libkernel.a(init.c.obj)
                0x00000000000096ac                z_early_boot_rand32_get
 .text.z_cstart
                0x0000000000009704      0x140 zephyr/kernel/libkernel.a(init.c.obj)
                0x0000000000009704                z_cstart
 .text.init_mem_slab_module
                0x0000000000009844       0x50 zephyr/kernel/libkernel.a(mem_slab.c.obj)
 .text.k_mem_slab_init
                0x0000000000009894       0x3c zephyr/kernel/libkernel.a(mem_slab.c.obj)
                0x0000000000009894                k_mem_slab_init
 .text.k_mem_slab_alloc
                0x00000000000098d0       0x70 zephyr/kernel/libkernel.a(mem_slab.c.obj)
                0x00000000000098d0                k_mem_slab_alloc
 .text.k_mem_slab_free
                0x0000000000009940       0x88 zephyr/kernel/libkernel.a(mem_slab.c.obj)
                0x0000000000009940                k_mem_slab_free
 .text.init_static_pools
                0x00000000000099c8       0x44 zephyr/kernel/libkernel.a(mempool.c.obj)
                0x00000000000099c8                init_static_pools
 .text.k_mem_pool_alloc
                0x0000000000009a0c       0xe4 zephyr/kernel/libkernel.a(mempool.c.obj)
                0x0000000000009a0c                k_mem_pool_alloc
 .text.k_mem_pool_free_id
                0x0000000000009af0       0x78 zephyr/kernel/libkernel.a(mempool.c.obj)
                0x0000000000009af0                k_mem_pool_free_id
 .text.k_mem_pool_free
                0x0000000000009b68       0x24 zephyr/kernel/libkernel.a(mempool.c.obj)
                0x0000000000009b68                k_mem_pool_free
 .text.k_mem_pool_malloc
                0x0000000000009b8c       0x44 zephyr/kernel/libkernel.a(mempool.c.obj)
                0x0000000000009b8c                k_mem_pool_malloc
 .text.k_free   0x0000000000009bd0       0x30 zephyr/kernel/libkernel.a(mempool.c.obj)
                0x0000000000009bd0                k_free
 .text.z_thread_malloc
                0x0000000000009c00       0x3c zephyr/kernel/libkernel.a(mempool.c.obj)
                0x0000000000009c00                z_thread_malloc
 .text.z_impl_k_mutex_init
                0x0000000000009c3c       0x28 zephyr/kernel/libkernel.a(mutex.c.obj)
                0x0000000000009c3c                z_impl_k_mutex_init
 .text.z_impl_k_mutex_lock
                0x0000000000009c64       0xf8 zephyr/kernel/libkernel.a(mutex.c.obj)
                0x0000000000009c64                z_impl_k_mutex_lock
 .text.z_impl_k_mutex_unlock
                0x0000000000009d5c       0x98 zephyr/kernel/libkernel.a(mutex.c.obj)
                0x0000000000009d5c                z_impl_k_mutex_unlock
 .text.prepare_thread_to_run
                0x0000000000009df4       0x34 zephyr/kernel/libkernel.a(queue.c.obj)
 .text.queue_insert
                0x0000000000009e28       0xd4 zephyr/kernel/libkernel.a(queue.c.obj)
 .text.z_queue_node_peek
                0x0000000000009efc       0x30 zephyr/kernel/libkernel.a(queue.c.obj)
                0x0000000000009efc                z_queue_node_peek
 .text.z_impl_k_queue_init
                0x0000000000009f2c       0x2c zephyr/kernel/libkernel.a(queue.c.obj)
                0x0000000000009f2c                z_impl_k_queue_init
 .text.k_queue_append
                0x0000000000009f58       0x28 zephyr/kernel/libkernel.a(queue.c.obj)
                0x0000000000009f58                k_queue_append
 .text.z_impl_k_queue_get
                0x0000000000009f80       0x78 zephyr/kernel/libkernel.a(queue.c.obj)
                0x0000000000009f80                z_impl_k_queue_get
 .text.z_is_thread_ready
                0x0000000000009ff8       0x30 zephyr/kernel/libkernel.a(sched.c.obj)
 .text.resched  0x000000000000a028       0x40 zephyr/kernel/libkernel.a(sched.c.obj)
 .text.reset_time_slice
                0x000000000000a068       0x3c zephyr/kernel/libkernel.a(sched.c.obj)
 .text.k_sched_time_slice_set
                0x000000000000a0a4       0x7c zephyr/kernel/libkernel.a(sched.c.obj)
                0x000000000000a0a4                k_sched_time_slice_set
 .text.z_unpend_thread_no_timeout
                0x000000000000a120       0x4c zephyr/kernel/libkernel.a(sched.c.obj)
                0x000000000000a120                z_unpend_thread_no_timeout
 .text.z_reschedule
                0x000000000000a16c       0x40 zephyr/kernel/libkernel.a(sched.c.obj)
                0x000000000000a16c                z_reschedule
 .text.z_reschedule_irqlock
                0x000000000000a1ac       0x40 zephyr/kernel/libkernel.a(sched.c.obj)
                0x000000000000a1ac                z_reschedule_irqlock
 .text.z_reschedule_unlocked
                0x000000000000a1ec       0x34 zephyr/kernel/libkernel.a(sched.c.obj)
 .text.k_sched_lock
                0x000000000000a220       0x44 zephyr/kernel/libkernel.a(sched.c.obj)
                0x000000000000a220                k_sched_lock
 .text.z_priq_dumb_remove
                0x000000000000a264       0x44 zephyr/kernel/libkernel.a(sched.c.obj)
                0x000000000000a264                z_priq_dumb_remove
 .text.z_unpend_thread
                0x000000000000a2a8       0x54 zephyr/kernel/libkernel.a(sched.c.obj)
                0x000000000000a2a8                z_unpend_thread
 .text.z_priq_dumb_best
                0x000000000000a2fc       0x28 zephyr/kernel/libkernel.a(sched.c.obj)
                0x000000000000a2fc                z_priq_dumb_best
 .text.update_cache
                0x000000000000a324       0x54 zephyr/kernel/libkernel.a(sched.c.obj)
 .text.k_sched_unlock
                0x000000000000a378       0x50 zephyr/kernel/libkernel.a(sched.c.obj)
                0x000000000000a378                k_sched_unlock
 .text.z_add_thread_to_ready_q
                0x000000000000a3c8       0x84 zephyr/kernel/libkernel.a(sched.c.obj)
                0x000000000000a3c8                z_add_thread_to_ready_q
 .text.z_thread_timeout
                0x000000000000a44c       0x80 zephyr/kernel/libkernel.a(sched.c.obj)
                0x000000000000a44c                z_thread_timeout
 .text.z_move_thread_to_end_of_prio_q
                0x000000000000a4cc       0xa0 zephyr/kernel/libkernel.a(sched.c.obj)
                0x000000000000a4cc                z_move_thread_to_end_of_prio_q
 .text.z_time_slice
                0x000000000000a56c       0x94 zephyr/kernel/libkernel.a(sched.c.obj)
                0x000000000000a56c                z_time_slice
 .text.z_remove_thread_from_ready_q
                0x000000000000a600       0x64 zephyr/kernel/libkernel.a(sched.c.obj)
                0x000000000000a600                z_remove_thread_from_ready_q
 .text.pend     0x000000000000a664       0xa4 zephyr/kernel/libkernel.a(sched.c.obj)
 .text.z_pend_curr_irqlock
                0x000000000000a708       0x60 zephyr/kernel/libkernel.a(sched.c.obj)
                0x000000000000a708                z_pend_curr_irqlock
 .text.z_pend_curr
                0x000000000000a768       0x40 zephyr/kernel/libkernel.a(sched.c.obj)
                0x000000000000a768                z_pend_curr
 .text.z_thread_priority_set
                0x000000000000a7a8       0xc0 zephyr/kernel/libkernel.a(sched.c.obj)
                0x000000000000a7a8                z_thread_priority_set
 .text.z_unpend_first_thread
                0x000000000000a868       0x74 zephyr/kernel/libkernel.a(sched.c.obj)
                0x000000000000a868                z_unpend_first_thread
 .text.z_unpend_all
                0x000000000000a8dc       0x44 zephyr/kernel/libkernel.a(sched.c.obj)
                0x000000000000a8dc                z_unpend_all
 .text.z_sched_init
                0x000000000000a920       0x34 zephyr/kernel/libkernel.a(sched.c.obj)
                0x000000000000a920                z_sched_init
 .text.z_impl_k_yield
                0x000000000000a954       0xac zephyr/kernel/libkernel.a(sched.c.obj)
                0x000000000000a954                z_impl_k_yield
 .text.z_impl_k_sleep
                0x000000000000aa00       0xb4 zephyr/kernel/libkernel.a(sched.c.obj)
                0x000000000000aa00                z_impl_k_sleep
 .text.z_impl_k_wakeup
                0x000000000000aab4       0x6c zephyr/kernel/libkernel.a(sched.c.obj)
                0x000000000000aab4                z_impl_k_wakeup
 .text.z_impl_k_current_get
                0x000000000000ab20       0x28 zephyr/kernel/libkernel.a(sched.c.obj)
                0x000000000000ab20                z_impl_k_current_get
 .text.z_impl_k_sem_init
                0x000000000000ab48       0x24 zephyr/kernel/libkernel.a(sem.c.obj)
                0x000000000000ab48                z_impl_k_sem_init
 .text.z_impl_k_sem_give
                0x000000000000ab6c       0x64 zephyr/kernel/libkernel.a(sem.c.obj)
                0x000000000000ab6c                z_impl_k_sem_give
 .text.z_impl_k_sem_take
                0x000000000000abd0       0x6c zephyr/kernel/libkernel.a(sem.c.obj)
                0x000000000000abd0                z_impl_k_sem_take
 .text.k_sys_work_q_init
                0x000000000000ac3c       0x48 zephyr/kernel/libkernel.a(system_work_q.c.obj)
 .text.z_is_thread_ready
                0x000000000000ac84       0x30 zephyr/kernel/libkernel.a(thread.c.obj)
 .text.k_is_in_isr
                0x000000000000acb4       0x3c zephyr/kernel/libkernel.a(thread.c.obj)
                0x000000000000acb4                k_is_in_isr
 .text.z_is_thread_essential
                0x000000000000acf0       0x2c zephyr/kernel/libkernel.a(thread.c.obj)
                0x000000000000acf0                z_is_thread_essential
 .text.z_impl_k_thread_name_set
                0x000000000000ad1c       0x24 zephyr/kernel/libkernel.a(thread.c.obj)
                0x000000000000ad1c                z_impl_k_thread_name_set
 .text.z_impl_k_thread_start
                0x000000000000ad40       0x6c zephyr/kernel/libkernel.a(thread.c.obj)
                0x000000000000ad40                z_impl_k_thread_start
 .text.z_setup_new_thread
                0x000000000000adac       0x48 zephyr/kernel/libkernel.a(thread.c.obj)
                0x000000000000adac                z_setup_new_thread
 .text.z_impl_k_thread_create
                0x000000000000adf4       0x78 zephyr/kernel/libkernel.a(thread.c.obj)
                0x000000000000adf4                z_impl_k_thread_create
 .text.z_thread_single_abort
                0x000000000000ae6c       0x58 zephyr/kernel/libkernel.a(thread.c.obj)
                0x000000000000ae6c                z_thread_single_abort
 .text.z_init_static_threads
                0x000000000000aec4       0xd0 zephyr/kernel/libkernel.a(thread.c.obj)
                0x000000000000aec4                z_init_static_threads
 .text.z_init_thread_base
                0x000000000000af94       0x2c zephyr/kernel/libkernel.a(thread.c.obj)
                0x000000000000af94                z_init_thread_base
 .text.k_work_q_start
                0x000000000000afc0       0x5c zephyr/kernel/libkernel.a(work_q.c.obj)
                0x000000000000afc0                k_work_q_start
 .text._StackCheckHandler
                0x000000000000b01c       0x18 zephyr/kernel/libkernel.a(compiler_stack_protect.c.obj)
                0x000000000000b01c                __stack_chk_fail
                0x000000000000b01c                _StackCheckHandler
 .text.elapsed  0x000000000000b034       0x40 zephyr/kernel/libkernel.a(timeout.c.obj)
 .text.remove_timeout
                0x000000000000b074       0x44 zephyr/kernel/libkernel.a(timeout.c.obj)
 .text.next_timeout
                0x000000000000b0b8       0x68 zephyr/kernel/libkernel.a(timeout.c.obj)
 .text.z_add_timeout
                0x000000000000b120       0x9c zephyr/kernel/libkernel.a(timeout.c.obj)
                0x000000000000b120                z_add_timeout
 .text.z_abort_timeout
                0x000000000000b1bc       0x44 zephyr/kernel/libkernel.a(timeout.c.obj)
                0x000000000000b1bc                z_abort_timeout
 .text.z_get_next_timeout_expiry
                0x000000000000b200       0x38 zephyr/kernel/libkernel.a(timeout.c.obj)
                0x000000000000b200                z_get_next_timeout_expiry
 .text.z_set_timeout_expiry
                0x000000000000b238       0x4c zephyr/kernel/libkernel.a(timeout.c.obj)
                0x000000000000b238                z_set_timeout_expiry
 .text.z_clock_announce
                0x000000000000b284       0xc8 zephyr/kernel/libkernel.a(timeout.c.obj)
                0x000000000000b284                z_clock_announce
 .text.z_tick_get
                0x000000000000b34c       0x54 zephyr/kernel/libkernel.a(timeout.c.obj)
                0x000000000000b34c                z_tick_get
 .text.z_tick_get_32
                0x000000000000b3a0       0x20 zephyr/kernel/libkernel.a(timeout.c.obj)
                0x000000000000b3a0                z_tick_get_32
 .text._OffsetAbsSyms
                0x000000000000b3c0       0x20 zephyr/CMakeFiles/offsets.dir/arch/arm/core/offsets/offsets.c.obj
                0x000000000000b3c0                _OffsetAbsSyms
 *(SORT_BY_ALIGNMENT(.gnu.linkonce.t.*))
 *(SORT_BY_ALIGNMENT(.glue_7t))
 .glue_7t       0x000000000000b3e0        0x0 linker stubs
 *(SORT_BY_ALIGNMENT(.glue_7))
 .glue_7        0x000000000000b3e0        0x0 linker stubs
 *(SORT_BY_ALIGNMENT(.vfp11_veneer))
 .vfp11_veneer  0x000000000000b3e0        0x0 linker stubs
 *(SORT_BY_ALIGNMENT(.v4_bx))
 .v4_bx         0x000000000000b3e0        0x0 linker stubs
                0x000000000000b3e0                _image_text_end = .

.ARM.exidx      0x000000000000b3e0        0x8
                0x000000000000b3e0                __exidx_start = .
 *(SORT_BY_ALIGNMENT(.ARM.exidx*) SORT_BY_ALIGNMENT(gnu.linkonce.armexidx.*))
 .ARM.exidx     0x000000000000b3e0        0x8 /opt/zephyr-sdk/arm-zephyr-eabi/bin/../lib/gcc/arm-zephyr-eabi/8.3.0/thumb/v7e-m/nofp/libgcc.a(_udivmoddi4.o)
                0x000000000000b3e8                __exidx_end = .
                0x000000000000b3e8                _image_rodata_start = .

sw_isr_table    0x000000000000b3e8      0x180
 *(SORT_BY_ALIGNMENT(.gnu.linkonce.sw_isr_table))
 .gnu.linkonce.sw_isr_table
                0x000000000000b3e8      0x180 zephyr/CMakeFiles/kernel_elf.dir/isr_tables.c.obj
                0x000000000000b3e8                _sw_isr_table

app_shmem_regions
                0x000000000000b568        0x0
                0x000000000000b568                __app_shmem_regions_start = .
 *(SORT_BY_NAME(SORT_BY_ALIGNMENT(.app_regions.*)))
                0x000000000000b568                __app_shmem_regions_end = .

devconfig       0x000000000000b568       0xcc
                0x000000000000b568                __devconfig_start = .
 *(SORT_BY_ALIGNMENT(.devconfig.*))
 .devconfig.init
                0x000000000000b568        0xc zephyr/libzephyr.a(soc.c.obj)
 .devconfig.init
                0x000000000000b574        0xc zephyr/libzephyr.a(log_core.c.obj)
 .devconfig.init
                0x000000000000b580        0xc zephyr/libzephyr.a(disk_access.c.obj)
 .devconfig.init
                0x000000000000b58c        0xc zephyr/libzephyr.a(disk_access_ram.c.obj)
 .devconfig.init
                0x000000000000b598        0xc zephyr/libzephyr.a(mass_storage.c.obj)
 .devconfig.init
                0x000000000000b5a4        0xc zephyr/libzephyr.a(uart_console.c.obj)
 .devconfig.init
                0x000000000000b5b0       0x18 zephyr/libzephyr.a(nrf_power_clock.c.obj)
 .devconfig.init
                0x000000000000b5c8        0xc zephyr/libzephyr.a(sys_clock_init.c.obj)
 .devconfig.init
                0x000000000000b5d4        0xc zephyr/arch/arch/arm/core/cortex_m/mpu/libarch__arm__core__cortex_m__mpu.a(arm_mpu.c.obj)
 .devconfig.init
                0x000000000000b5e0       0x18 zephyr/drivers/gpio/libdrivers__gpio.a(gpio_nrfx.c.obj)
 .devconfig.init
                0x000000000000b5f8        0xc zephyr/drivers/serial/libdrivers__serial.a(uart_nrfx_uart.c.obj)
 .devconfig.init
                0x000000000000b604        0xc zephyr/drivers/entropy/libdrivers__entropy.a(entropy_nrf5.c.obj)
 .devconfig.init
                0x000000000000b610        0xc zephyr/kernel/libkernel.a(mem_slab.c.obj)
 .devconfig.init
                0x000000000000b61c        0xc zephyr/kernel/libkernel.a(mempool.c.obj)
 .devconfig.init
                0x000000000000b628        0xc zephyr/kernel/libkernel.a(system_work_q.c.obj)
 *(SORT_BY_NAME(SORT_BY_ALIGNMENT(.devconfig*)))
                0x000000000000b634                __devconfig_end = .

net_l2          0x000000000000b634        0x0
                0x000000000000b634                __net_l2_start = .
 *(SORT_BY_ALIGNMENT(.net_l2.init))
 *(SORT_BY_NAME(SORT_BY_ALIGNMENT(.net_l2.init*)))
                0x000000000000b634                __net_l2_end = .

log_const_sections
                0x000000000000b634       0x50
                0x000000000000b634                __log_const_start = .
 *(SORT_BY_NAME(SORT_BY_ALIGNMENT(.log_const_*)))
 .log_const_disk
                0x000000000000b634        0x8 zephyr/libzephyr.a(disk_access.c.obj)
                0x000000000000b634                log_const_disk
 .log_const_kernel
                0x000000000000b63c        0x8 zephyr/kernel/libkernel.a(init.c.obj)
                0x000000000000b63c                log_const_kernel
 .log_const_main
                0x000000000000b644        0x8 app/libapp.a(main.c.obj)
                0x000000000000b644                log_const_main
 .log_const_mpu
                0x000000000000b64c        0x8 zephyr/arch/arch/arm/core/cortex_m/mpu/libarch__arm__core__cortex_m__mpu.a(arm_core_mpu.c.obj)
                0x000000000000b64c                log_const_mpu
 .log_const_power
                0x000000000000b654        0x8 zephyr/libzephyr.a(power.c.obj)
                0x000000000000b654                log_const_power
 .log_const_soc
                0x000000000000b65c        0x8 zephyr/libzephyr.a(soc.c.obj)
                0x000000000000b65c                log_const_soc
 .log_const_usb_descriptor
                0x000000000000b664        0x8 zephyr/libzephyr.a(usb_descriptor.c.obj)
                0x000000000000b664                log_const_usb_descriptor
 .log_const_usb_device
                0x000000000000b66c        0x8 zephyr/libzephyr.a(usb_device.c.obj)
                0x000000000000b66c                log_const_usb_device
 .log_const_usb_msc
                0x000000000000b674        0x8 zephyr/libzephyr.a(mass_storage.c.obj)
                0x000000000000b674                log_const_usb_msc
 .log_const_usb_nrfx
                0x000000000000b67c        0x8 zephyr/libzephyr.a(usb_dc_nrfx.c.obj)
                0x000000000000b67c                log_const_usb_nrfx
                0x000000000000b684                __log_const_end = .

log_backends_sections
                0x000000000000b684       0x10
                0x000000000000b684                __log_backends_start = .
 *(SORT_BY_ALIGNMENT(.log_backends))
 .log_backends  0x000000000000b684       0x10 zephyr/libzephyr.a(log_backend_uart.c.obj)
                0x000000000000b694                __log_backends_end = .

shell_root_cmds_sections
                0x000000000000b694        0x0
                0x000000000000b694                __shell_root_cmds_start = .
 *(SORT_BY_NAME(SORT_BY_ALIGNMENT(.shell_root_cmd_*)))
                0x000000000000b694                __shell_root_cmds_end = .

font_entry_sections
                0x000000000000b694        0x0
                0x000000000000b694                __font_entry_start = .
 *(SORT_BY_NAME(SORT_BY_ALIGNMENT(.font_entry.*)))
                0x000000000000b694                __font_entry_end = .

rodata          0x000000000000b694      0xe44
 *(SORT_BY_ALIGNMENT(.rodata))
 .rodata        0x000000000000b694       0x36 zephyr/libzephyr.a(mass_storage.c.obj)
 *(SORT_BY_ALIGNMENT(.rodata.*))
 *fill*         0x000000000000b6ca        0x2 
 .rodata.mpu_config
                0x000000000000b6cc        0x8 zephyr/libzephyr.a(mpu_regions.c.obj)
                0x000000000000b6cc                mpu_config
 .rodata.mpu_regions
                0x000000000000b6d4       0x18 zephyr/libzephyr.a(mpu_regions.c.obj)
 .rodata.m_isr  0x000000000000b6ec       0x64 zephyr/libzephyr.a(nrfx_usbd.c.obj)
 .rodata.colors
                0x000000000000b750       0x14 zephyr/libzephyr.a(log_output.c.obj)
 .rodata.severity
                0x000000000000b764       0x14 zephyr/libzephyr.a(log_output.c.obj)
 .rodata.log_backend_uart_api
                0x000000000000b778       0x18 zephyr/libzephyr.a(log_backend_uart.c.obj)
                0x000000000000b778                log_backend_uart_api
 .rodata.log_output
                0x000000000000b790       0x10 zephyr/libzephyr.a(log_backend_uart.c.obj)
 .rodata.ram_disk_ops
                0x000000000000b7a0       0x14 zephyr/libzephyr.a(disk_access_ram.c.obj)
 .rodata._k32src_clock_control_api
                0x000000000000b7b4        0xc zephyr/libzephyr.a(nrf_power_clock.c.obj)
 .rodata._m16src_clock_control_api
                0x000000000000b7c0        0xc zephyr/libzephyr.a(nrf_power_clock.c.obj)
 .rodata.gpio_nrfx_drv_api_funcs
                0x000000000000b7cc       0x1c zephyr/drivers/gpio/libdrivers__gpio.a(gpio_nrfx.c.obj)
 .rodata.gpio_nrfx_p0_cfg
                0x000000000000b7e8        0x8 zephyr/drivers/gpio/libdrivers__gpio.a(gpio_nrfx.c.obj)
 .rodata.gpio_nrfx_p1_cfg
                0x000000000000b7f0        0x8 zephyr/drivers/gpio/libdrivers__gpio.a(gpio_nrfx.c.obj)
 .rodata.uart_nrfx_uart_driver_api
                0x000000000000b7f8       0x14 zephyr/drivers/serial/libdrivers__serial.a(uart_nrfx_uart.c.obj)
 .rodata.entropy_nrf5_api_funcs
                0x000000000000b80c        0x8 zephyr/drivers/entropy/libdrivers__entropy.a(entropy_nrf5.c.obj)
 .rodata.config_levels.9623
                0x000000000000b814       0x14 zephyr/kernel/libkernel.a(device.c.obj)
 .rodata._k_neg_eagain
                0x000000000000b828        0x4 zephyr/kernel/libkernel.a(errno.c.obj)
                0x000000000000b828                _k_neg_eagain
 .rodata._idle_thread
                0x000000000000b82c        0x4 zephyr/kernel/libkernel.a(init.c.obj)
                0x000000000000b82c                _idle_thread
 .rodata.epin_endev.10393
                0x000000000000b830       0x12 zephyr/libzephyr.a(nrfx_usbd.c.obj)
 .rodata.epout_endev.10394
                0x000000000000b842       0x12 zephyr/libzephyr.a(nrfx_usbd.c.obj)
 .rodata.main.str1.1
                0x000000000000b854       0x2d app/libapp.a(main.c.obj)
 .rodata.str1.1
                0x000000000000b881        0x5 app/libapp.a(main.c.obj)
 .rodata.str1.1
                0x000000000000b886        0x4 zephyr/libzephyr.a(soc.c.obj)
                                          0x5 (size before relaxing)
 .rodata.str1.1
                0x000000000000b88a        0xf zephyr/libzephyr.a(mpu_regions.c.obj)
 .rodata.epin_bitpos.10398
                0x000000000000b899        0x9 zephyr/libzephyr.a(nrfx_usbd.c.obj)
 .rodata.epout_bitpos.10399
                0x000000000000b8a2        0x9 zephyr/libzephyr.a(nrfx_usbd.c.obj)
 .rodata.enable_logger.str1.1
                0x000000000000b8ab        0x8 zephyr/libzephyr.a(log_core.c.obj)
 .rodata.str1.1
                0x000000000000b8b3        0x1 zephyr/libzephyr.a(log_core.c.obj)
 .rodata.hexdump_line_print.str1.1
                0x000000000000b8b3       0x12 zephyr/libzephyr.a(log_output.c.obj)
                                         0x16 (size before relaxing)
 .rodata.log_output_dropped_process.str1.1
                0x000000000000b8c5       0x12 zephyr/libzephyr.a(log_output.c.obj)
                                          0x3 (size before relaxing)
 .rodata.log_output_msg_process.str1.1
                0x000000000000b8c5        0x2 zephyr/libzephyr.a(log_output.c.obj)
 .rodata.postfix.10350
                0x000000000000b8c7       0x1c zephyr/libzephyr.a(log_output.c.obj)
 .rodata.prefix.10349
                0x000000000000b8e3        0xc zephyr/libzephyr.a(log_output.c.obj)
 .rodata.prefix_print.str1.1
                0x000000000000b8ef       0x3c zephyr/libzephyr.a(log_output.c.obj)
 .rodata.str1.1
                0x000000000000b92b       0x20 zephyr/libzephyr.a(log_output.c.obj)
 .rodata.log_backend_uart_init.str1.1
                0x000000000000b94b        0x7 zephyr/libzephyr.a(log_backend_uart.c.obj)
 .rodata.str1.1
                0x000000000000b952       0x11 zephyr/libzephyr.a(log_backend_uart.c.obj)
 .rodata.disk_access_register.str1.1
                0x000000000000b963       0x3d zephyr/libzephyr.a(disk_access.c.obj)
 .rodata.str1.1
                0x000000000000b9a0        0x5 zephyr/libzephyr.a(disk_access.c.obj)
                                          0x6 (size before relaxing)
 .rodata.str1.1
                0x000000000000b9a5        0x4 zephyr/libzephyr.a(disk_access_ram.c.obj)
                                          0x5 (size before relaxing)
 .rodata.str1.1
                0x000000000000b9a9        0xb zephyr/libzephyr.a(usb_device.c.obj)
 .rodata.str1.1
                0x000000000000b9b4        0xf zephyr/libzephyr.a(usb_descriptor.c.obj)
 .rodata.usb_fix_descriptor.str1.1
                0x000000000000b9c3       0xb1 zephyr/libzephyr.a(usb_descriptor.c.obj)
 .rodata.usb_get_device_descriptor.str1.1
                0x000000000000ba74       0x1f zephyr/libzephyr.a(usb_descriptor.c.obj)
 .rodata.infoTransfer.str1.1
                0x000000000000ba93       0x11 zephyr/libzephyr.a(mass_storage.c.obj)
 .rodata.mass_storage_bulk_in.str1.1
                0x000000000000baa4       0x22 zephyr/libzephyr.a(mass_storage.c.obj)
 .rodata.mass_storage_bulk_out.str1.1
                0x000000000000bac6       0x68 zephyr/libzephyr.a(mass_storage.c.obj)
 .rodata.mass_storage_init.str1.1
                0x000000000000bb2e      0x117 zephyr/libzephyr.a(mass_storage.c.obj)
 .rodata.mass_thread_main.str1.1
                0x000000000000bc45       0x6d zephyr/libzephyr.a(mass_storage.c.obj)
                                         0x71 (size before relaxing)
 .rodata.sendCSW.str1.1
                0x000000000000bcb2       0x12 zephyr/libzephyr.a(mass_storage.c.obj)
 .rodata.str1.1
                0x000000000000bcc4        0x8 zephyr/libzephyr.a(mass_storage.c.obj)
                                          0x9 (size before relaxing)
 .rodata.write.str1.1
                0x000000000000bccc       0x11 zephyr/libzephyr.a(mass_storage.c.obj)
 .rodata.sys_rand32_get.str1.1
                0x000000000000bcdd        0xa zephyr/libzephyr.a(rand32_entropy_device.c.obj)
 .rodata.str1.1
                0x000000000000bce7        0x6 zephyr/libzephyr.a(power.c.obj)
 .rodata.str1.1
                0x000000000000bced        0x1 zephyr/libzephyr.a(uart_console.c.obj)
 .rodata.uart_console_init.str1.1
                0x000000000000bced        0x7 zephyr/libzephyr.a(uart_console.c.obj)
 .rodata.str1.1
                0x000000000000bced       0x14 zephyr/libzephyr.a(nrf_power_clock.c.obj)
 .rodata.eps_ctx_init.str1.1
                0x000000000000bd01       0x88 zephyr/libzephyr.a(usb_dc_nrfx.c.obj)
 .rodata.hf_clock_enable.constprop.10.str1.1
                0x000000000000bd89       0x3f zephyr/libzephyr.a(usb_dc_nrfx.c.obj)
                                         0x49 (size before relaxing)
 .rodata.str1.1
                0x000000000000bdc8        0x9 zephyr/libzephyr.a(usb_dc_nrfx.c.obj)
 .rodata.usb_dc_ep_check_cap.str1.1
                0x000000000000bdd1       0x3e zephyr/libzephyr.a(usb_dc_nrfx.c.obj)
 .rodata.usb_dc_ep_configure.str1.1
                0x000000000000be0f       0x29 zephyr/libzephyr.a(usb_dc_nrfx.c.obj)
 .rodata.usb_dc_ep_set_stall.str1.1
                0x000000000000be38       0x24 zephyr/libzephyr.a(usb_dc_nrfx.c.obj)
 .rodata.usb_dc_ep_write.str1.1
                0x000000000000be5c       0x1a zephyr/libzephyr.a(usb_dc_nrfx.c.obj)
 .rodata.usb_dc_nrfx_power_event_callback.str1.1
                0x000000000000be76       0x18 zephyr/libzephyr.a(usb_dc_nrfx.c.obj)
 .rodata.usbd_event_handler.str1.1
                0x000000000000be8e       0x49 zephyr/libzephyr.a(usb_dc_nrfx.c.obj)
 .rodata.usbd_event_transfer_data.str1.1
                0x000000000000bed7       0x2b zephyr/libzephyr.a(usb_dc_nrfx.c.obj)
 .rodata.usbd_evt_alloc.str1.1
                0x000000000000bf02       0x3b zephyr/libzephyr.a(usb_dc_nrfx.c.obj)
 .rodata.usbd_work_handler.str1.1
                0x000000000000bf3d       0x76 zephyr/libzephyr.a(usb_dc_nrfx.c.obj)
 .rodata.str1.1
                0x000000000000bfb3        0xa zephyr/libzephyr.a(sys_clock_init.c.obj)
 .rodata.z_clock_driver_init.str1.1
                0x000000000000bfbd        0xa zephyr/libzephyr.a(nrf_rtc_timer.c.obj)
 .rodata.BusFault.isra.3.str1.1
                0x000000000000bfbd       0x8e zephyr/arch/arch/arm/core/libarch__arm__core.a(fault.c.obj)
 .rodata.MpuFault.isra.2.str1.1
                0x000000000000c04b       0xdf zephyr/arch/arch/arm/core/libarch__arm__core.a(fault.c.obj)
 .rodata.UsageFault.isra.4.str1.1
                0x000000000000c12a       0xd4 zephyr/arch/arch/arm/core/libarch__arm__core.a(fault.c.obj)
 .rodata._Fault.str1.1
                0x000000000000c1fe       0xd3 zephyr/arch/arch/arm/core/libarch__arm__core.a(fault.c.obj)
 .rodata.z_NanoFatalErrorHandler.str1.1
                0x000000000000c2d1       0xf9 zephyr/arch/arch/arm/core/libarch__arm__core.a(fatal.c.obj)
 .rodata.z_SysFatalErrorHandler.str1.1
                0x000000000000c3ca       0x5a zephyr/arch/arch/arm/core/libarch__arm__core.a(sys_fatal_error_handler.c.obj)
 .rodata.str1.1
                0x000000000000c424        0x4 zephyr/arch/arch/arm/core/cortex_m/mpu/libarch__arm__core__cortex_m__mpu.a(arm_core_mpu.c.obj)
 .rodata.mpu_configure_regions.str1.1
                0x000000000000c428       0x49 zephyr/arch/arch/arm/core/cortex_m/mpu/libarch__arm__core__cortex_m__mpu.a(arm_mpu.c.obj)
 .rodata.str1.1
                0x000000000000c471        0x1 zephyr/arch/arch/arm/core/cortex_m/mpu/libarch__arm__core__cortex_m__mpu.a(arm_mpu.c.obj)
 .rodata.z_prf.str1.1
                0x000000000000c471        0xb zephyr/lib/libc/minimal/liblib__libc__minimal.a(prf.c.obj)
 .rodata.str1.1
                0x000000000000c47c        0xe zephyr/drivers/gpio/libdrivers__gpio.a(gpio_nrfx.c.obj)
 .rodata.str1.1
                0x000000000000c48a        0x7 zephyr/drivers/serial/libdrivers__serial.a(uart_nrfx_uart.c.obj)
 .rodata.uart_nrfx_uart0_config
                0x000000000000c48a        0x1 zephyr/drivers/serial/libdrivers__serial.a(uart_nrfx_uart.c.obj)
 .rodata.str1.1
                0x000000000000c48b        0xa zephyr/drivers/entropy/libdrivers__entropy.a(entropy_nrf5.c.obj)
 .rodata.bg_thread_main.str1.1
                0x000000000000c48b       0x2e zephyr/kernel/libkernel.a(init.c.obj)
 .rodata.str1.1
                0x000000000000c4b9        0x7 zephyr/kernel/libkernel.a(init.c.obj)
 .rodata.z_cstart.str1.1
                0x000000000000c4c0        0x5 zephyr/kernel/libkernel.a(init.c.obj)
                                          0xa (size before relaxing)
 .rodata.z_early_boot_rand32_get.str1.1
                0x000000000000c4c5        0xa zephyr/kernel/libkernel.a(init.c.obj)
 .rodata.str1.1
                0x000000000000c4c5        0x1 zephyr/kernel/libkernel.a(mem_slab.c.obj)
 .rodata.str1.1
                0x000000000000c4c5        0x1 zephyr/kernel/libkernel.a(mempool.c.obj)
 .rodata.k_sys_work_q_init.str1.1
                0x000000000000c4c5        0x9 zephyr/kernel/libkernel.a(system_work_q.c.obj)
 .rodata.str1.1
                0x000000000000c4ce        0x1 zephyr/kernel/libkernel.a(system_work_q.c.obj)
 .rodata.k_work_q_start.str1.1
                0x000000000000c4ce        0xa zephyr/kernel/libkernel.a(work_q.c.obj)
 *(SORT_BY_ALIGNMENT(.gnu.linkonce.r.*))
                0x000000000000c4d8                . = ALIGN (0x4)
                0x000000000000c4d8                _image_rodata_end = .
                0x000000000000c4e0                . = ALIGN (_region_min_align)
                0x0000000000010000                . = ALIGN ((0x1 << LOG2CEIL ((_image_rodata_end - _image_rom_start))))
                0x0000000000010000                _image_rom_end = .
                0x0000000020000000                . = 0x20000000
                0x0000000020000000                . = ALIGN (_region_min_align)
                0x0000000020000000                _image_ram_start = .

.ramfunc        0x0000000020000000        0x0 load address 0x000000000000c4d8
                0x0000000020000000                . = ALIGN (_region_min_align)
                0x0000000020000000                . = ALIGN ((0x1 << LOG2CEIL (_ramfunc_ram_size)))
                0x0000000020000000                _ramfunc_ram_start = .
 *(SORT_BY_ALIGNMENT(.ramfunc))
 *(SORT_BY_ALIGNMENT(.ramfunc.*))
                0x0000000020000000                . = ALIGN (_region_min_align)
                0x0000000020000000                . = ALIGN ((0x1 << LOG2CEIL (_ramfunc_ram_size)))
                0x0000000020000000                _ramfunc_ram_end = .
                0x0000000000000000                _ramfunc_ram_size = (_ramfunc_ram_end - _ramfunc_ram_start)
                0x000000000000c4d8                _ramfunc_rom_start = LOADADDR (.ramfunc)

bss             0x0000000020000000     0x1bcd
                0x0000000020000000                . = ALIGN (0x4)
                0x0000000020000000                __bss_start = .
                0x0000000020000000                __kernel_ram_start = .
 *(SORT_BY_ALIGNMENT(.bss))
 *(SORT_BY_ALIGNMENT(.bss.*))
 .bss.curr_tick
                0x0000000020000000        0x8 zephyr/kernel/libkernel.a(timeout.c.obj)
 .bss.m_ep_consumer_state
                0x0000000020000008       0x6c zephyr/libzephyr.a(nrfx_usbd.c.obj)
                0x0000000020000008                m_ep_consumer_state
 .bss.m_ep_dma_waiting
                0x0000000020000074        0x4 zephyr/libzephyr.a(nrfx_usbd.c.obj)
 .bss.m_ep_feeder_state
                0x0000000020000078       0x6c zephyr/libzephyr.a(nrfx_usbd.c.obj)
                0x0000000020000078                m_ep_feeder_state
 .bss.m_ep_ready
                0x00000000200000e4        0x4 zephyr/libzephyr.a(nrfx_usbd.c.obj)
 .bss.m_ep_state
                0x00000000200000e8      0x120 zephyr/libzephyr.a(nrfx_usbd.c.obj)
 .bss.m_event_handler
                0x0000000020000208        0x4 zephyr/libzephyr.a(nrfx_usbd.c.obj)
 .bss.m_simulated_dataepstatus
                0x000000002000020c        0x4 zephyr/libzephyr.a(nrfx_usbd.c.obj)
 .bss.m_tx_buffer
                0x0000000020000210       0x40 zephyr/libzephyr.a(nrfx_usbd.c.obj)
 .bss.buffered_cnt
                0x0000000020000250        0x4 zephyr/libzephyr.a(log_core.c.obj)
 .bss.dropped_cnt
                0x0000000020000254        0x4 zephyr/libzephyr.a(log_core.c.obj)
 .bss.initialized
                0x0000000020000258        0x4 zephyr/libzephyr.a(log_core.c.obj)
 .bss.list      0x000000002000025c        0x8 zephyr/libzephyr.a(log_core.c.obj)
 .bss.log_strdup_pool
                0x0000000020000264       0x1c zephyr/libzephyr.a(log_core.c.obj)
                0x0000000020000264                log_strdup_pool
 .bss.logging_thread
                0x0000000020000280       0x6c zephyr/libzephyr.a(log_core.c.obj)
                0x0000000020000280                logging_thread
 .bss.proc_tid  0x00000000200002ec        0x4 zephyr/libzephyr.a(log_core.c.obj)
 .bss.log_msg_pool
                0x00000000200002f0       0x1c zephyr/libzephyr.a(log_msg.c.obj)
                0x00000000200002f0                log_msg_pool
 .bss.freq      0x000000002000030c        0x4 zephyr/libzephyr.a(log_output.c.obj)
 .bss.timestamp_div
                0x0000000020000310        0x4 zephyr/libzephyr.a(log_output.c.obj)
 .bss.backend_cb_log_backend_uart
                0x0000000020000314        0x8 zephyr/libzephyr.a(log_backend_uart.c.obj)
 .bss.log_output_control_block
                0x000000002000031c        0xc zephyr/libzephyr.a(log_backend_uart.c.obj)
 .bss.disk_access_list
                0x0000000020000328        0x8 zephyr/libzephyr.a(disk_access.c.obj)
 .bss.mutex     0x0000000020000330       0x14 zephyr/libzephyr.a(disk_access.c.obj)
 .bss.usb_dev   0x0000000020000344      0x140 zephyr/libzephyr.a(usb_device.c.obj)
 .bss.addr      0x0000000020000484        0x4 zephyr/libzephyr.a(mass_storage.c.obj)
 .bss.block_count
                0x0000000020000488        0x4 zephyr/libzephyr.a(mass_storage.c.obj)
 .bss.defered_wr_sz
                0x000000002000048c        0x4 zephyr/libzephyr.a(mass_storage.c.obj)
 .bss.disk_wait_sem
                0x0000000020000490       0x10 zephyr/libzephyr.a(mass_storage.c.obj)
 .bss.length    0x00000000200004a0        0x4 zephyr/libzephyr.a(mass_storage.c.obj)
 .bss.mass_thread_data
                0x00000000200004a4       0x6c zephyr/libzephyr.a(mass_storage.c.obj)
 .bss.memory_size
                0x0000000020000510        0x4 zephyr/libzephyr.a(mass_storage.c.obj)
 .bss.thread_op
                0x0000000020000514        0x4 zephyr/libzephyr.a(mass_storage.c.obj)
 .bss.entropy_driver
                0x0000000020000518        0x4 zephyr/libzephyr.a(rand32_entropy_device.c.obj)
 .bss.uart_console_dev
                0x000000002000051c        0x4 zephyr/libzephyr.a(uart_console.c.obj)
 .bss._mpool_buf_ep_buf_pool
                0x0000000020000520      0xc20 zephyr/libzephyr.a(usb_dc_nrfx.c.obj)
                0x0000000020000520                _mpool_buf_ep_buf_pool
 .bss._mpool_buf_fifo_elem_pool
                0x0000000020001140      0x310 zephyr/libzephyr.a(usb_dc_nrfx.c.obj)
                0x0000000020001140                _mpool_buf_fifo_elem_pool
 .bss._mpool_lvls_ep_buf_pool
                0x0000000020001450       0x24 zephyr/libzephyr.a(usb_dc_nrfx.c.obj)
                0x0000000020001450                _mpool_lvls_ep_buf_pool
 .bss._mpool_lvls_fifo_elem_pool
                0x0000000020001474        0xc zephyr/libzephyr.a(usb_dc_nrfx.c.obj)
                0x0000000020001474                _mpool_lvls_fifo_elem_pool
 .bss.usbd_ctx  0x0000000020001480      0x2b4 zephyr/libzephyr.a(usb_dc_nrfx.c.obj)
 .bss.last_count
                0x0000000020001734        0x4 zephyr/libzephyr.a(nrf_rtc_timer.c.obj)
 .bss.gpio_nrfx_p0_data
                0x0000000020001738       0x20 zephyr/drivers/gpio/libdrivers__gpio.a(gpio_nrfx.c.obj)
 .bss.gpio_nrfx_p1_data
                0x0000000020001758       0x20 zephyr/drivers/gpio/libdrivers__gpio.a(gpio_nrfx.c.obj)
 .bss.entropy_nrf5_data
                0x0000000020001778       0x44 zephyr/drivers/entropy/libdrivers__entropy.a(entropy_nrf5.c.obj)
 .bss._idle_thread_s
                0x00000000200017bc       0x6c zephyr/kernel/libkernel.a(init.c.obj)
 .bss._main_thread_s
                0x0000000020001828       0x6c zephyr/kernel/libkernel.a(init.c.obj)
 .bss._kernel   0x0000000020001894       0x30 zephyr/kernel/libkernel.a(sched.c.obj)
                0x0000000020001894                _kernel
 .bss.pending_current
                0x00000000200018c4        0x4 zephyr/kernel/libkernel.a(sched.c.obj)
 .bss.slice_max_prio
                0x00000000200018c8        0x4 zephyr/kernel/libkernel.a(sched.c.obj)
 .bss.slice_time
                0x00000000200018cc        0x4 zephyr/kernel/libkernel.a(sched.c.obj)
 .bss.k_sys_work_q
                0x00000000200018d0       0x7c zephyr/kernel/libkernel.a(system_work_q.c.obj)
                0x00000000200018d0                k_sys_work_q
 .bss.announce_remaining
                0x000000002000194c        0x4 zephyr/kernel/libkernel.a(timeout.c.obj)
 .bss.m_bus_suspend
                0x0000000020001950        0x1 zephyr/libzephyr.a(nrfx_usbd.c.obj)
 .bss.m_dma_pending
                0x0000000020001951        0x1 zephyr/libzephyr.a(nrfx_usbd.c.obj)
 .bss.m_drv_state
                0x0000000020001952        0x1 zephyr/libzephyr.a(nrfx_usbd.c.obj)
 .bss.m_last_setup_dir
                0x0000000020001953        0x1 zephyr/libzephyr.a(nrfx_usbd.c.obj)
 .bss.backend_attached
                0x0000000020001954        0x1 zephyr/libzephyr.a(log_core.c.obj)
 .bss.panic_mode
                0x0000000020001955        0x1 zephyr/libzephyr.a(log_core.c.obj)
 .bss.buf       0x0000000020001956        0x1 zephyr/libzephyr.a(log_backend_uart.c.obj)
 .bss.cbw       0x0000000020001957       0x1f zephyr/libzephyr.a(mass_storage.c.obj)
 .bss.csw       0x0000000020001976        0xd zephyr/libzephyr.a(mass_storage.c.obj)
 .bss.interface_data
                0x0000000020001983       0x40 zephyr/libzephyr.a(mass_storage.c.obj)
 .bss.max_lun_count
                0x00000000200019c3        0x1 zephyr/libzephyr.a(mass_storage.c.obj)
 .bss.memOK     0x00000000200019c4        0x1 zephyr/libzephyr.a(mass_storage.c.obj)
 .bss.page      0x00000000200019c5      0x200 zephyr/libzephyr.a(mass_storage.c.obj)
 .bss.stage     0x0000000020001bc5        0x1 zephyr/libzephyr.a(mass_storage.c.obj)
 .bss.k32src_initialized
                0x0000000020001bc6        0x1 zephyr/libzephyr.a(nrf_power_clock.c.obj)
 .bss.m16src_grd
                0x0000000020001bc7        0x1 zephyr/libzephyr.a(nrf_power_clock.c.obj)
 .bss.m16src_ref
                0x0000000020001bc8        0x1 zephyr/libzephyr.a(nrf_power_clock.c.obj)
 .bss.clock_requested.11449
                0x0000000020001bc9        0x1 zephyr/libzephyr.a(usb_dc_nrfx.c.obj)
 .bss.static_regions_num
                0x0000000020001bca        0x1 zephyr/arch/arch/arm/core/cortex_m/mpu/libarch__arm__core__cortex_m__mpu.a(arm_mpu.c.obj)
 .bss.gpio_initialized.10500
                0x0000000020001bcb        0x1 zephyr/drivers/gpio/libdrivers__gpio.a(gpio_nrfx.c.obj)
 .bss.lock      0x0000000020001bcc        0x0 zephyr/kernel/libkernel.a(mem_slab.c.obj)
 .bss.lock      0x0000000020001bcc        0x0 zephyr/kernel/libkernel.a(mempool.c.obj)
 .bss.lock      0x0000000020001bcc        0x0 zephyr/kernel/libkernel.a(mutex.c.obj)
 .bss.lock      0x0000000020001bcc        0x0 zephyr/kernel/libkernel.a(sem.c.obj)
 .bss.lock      0x0000000020001bcc        0x0 zephyr/kernel/libkernel.a(thread.c.obj)
 .bss.can_wait_forever
                0x0000000020001bcc        0x1 zephyr/kernel/libkernel.a(timeout.c.obj)
 *(SORT_BY_ALIGNMENT(COMMON))
 *(SORT_BY_ALIGNMENT(.kernel_bss.*))
                0x0000000020001bd0                __bss_end = ALIGN (0x4)

noinit          0x0000000020001bd0     0x1ae4
 *(SORT_BY_ALIGNMENT(.noinit))
 *(SORT_BY_ALIGNMENT(.noinit.*))
 .noinit."/home/cbackyx/research/zephyr/zephyrproject/zephyr/subsys/logging/log_core.c".1
                0x0000000020001bd0      0x300 zephyr/libzephyr.a(log_core.c.obj)
                0x0000000020001bd0                logging_stack
 .noinit."/home/cbackyx/research/zephyr/zephyrproject/zephyr/subsys/usb/class/mass_storage.c".0
                0x0000000020001ed0      0x200 zephyr/libzephyr.a(mass_storage.c.obj)
 .noinit."/home/cbackyx/research/zephyr/zephyrproject/zephyr/kernel/init.c".1
                0x00000000200020d0      0x400 zephyr/kernel/libkernel.a(init.c.obj)
                0x00000000200020d0                _main_stack
 .noinit."/home/cbackyx/research/zephyr/zephyrproject/zephyr/kernel/init.c".2
                0x00000000200024d0      0x140 zephyr/kernel/libkernel.a(init.c.obj)
                0x00000000200024d0                _idle_stack
 .noinit."/home/cbackyx/research/zephyr/zephyrproject/zephyr/kernel/init.c".3
                0x0000000020002610      0x800 zephyr/kernel/libkernel.a(init.c.obj)
                0x0000000020002610                _interrupt_stack